Archive member included to satisfy reference by file (symbol)

E:\Final Project\stm32f411e-disco_stdperiph_lib\Debug\libstm32f411e-disco_stdperiph_lib.a(misc.o)
                              src/USART.o (NVIC_Init)
E:\Final Project\stm32f411e-disco_stdperiph_lib\Debug\libstm32f411e-disco_stdperiph_lib.a(stm32f4xx_gpio.o)
                              src/USART.o (GPIO_Init)
E:\Final Project\stm32f411e-disco_stdperiph_lib\Debug\libstm32f411e-disco_stdperiph_lib.a(stm32f4xx_rcc.o)
                              src/USART.o (RCC_AHB1PeriphClockCmd)
E:\Final Project\stm32f411e-disco_stdperiph_lib\Debug\libstm32f411e-disco_stdperiph_lib.a(stm32f4xx_usart.o)
                              src/USART.o (USART_Init)
c:/ac6/systemworkbench/plugins/fr.ac6.mcu.externaltools.arm-none.win32_1.7.0.201602121829/tools/compiler/bin/../lib/gcc/arm-none-eabi/5.2.1/armv7e-m/fpu\libgcc.a(_arm_addsubdf3.o)
                              src/value.o (__aeabi_l2d)
c:/ac6/systemworkbench/plugins/fr.ac6.mcu.externaltools.arm-none.win32_1.7.0.201602121829/tools/compiler/bin/../lib/gcc/arm-none-eabi/5.2.1/armv7e-m/fpu\libgcc.a(_arm_cmpdf2.o)
                              src/value.o (__aeabi_dcmpeq)
c:/ac6/systemworkbench/plugins/fr.ac6.mcu.externaltools.arm-none.win32_1.7.0.201602121829/tools/compiler/bin/../lib/gcc/arm-none-eabi/5.2.1/armv7e-m/fpu\libgcc.a(_aeabi_uldivmod.o)
                              src/main.o (__aeabi_uldivmod)
c:/ac6/systemworkbench/plugins/fr.ac6.mcu.externaltools.arm-none.win32_1.7.0.201602121829/tools/compiler/bin/../lib/gcc/arm-none-eabi/5.2.1/armv7e-m/fpu\libgcc.a(_udivmoddi4.o)
                              c:/ac6/systemworkbench/plugins/fr.ac6.mcu.externaltools.arm-none.win32_1.7.0.201602121829/tools/compiler/bin/../lib/gcc/arm-none-eabi/5.2.1/armv7e-m/fpu\libgcc.a(_aeabi_uldivmod.o) (__udivmoddi4)
c:/ac6/systemworkbench/plugins/fr.ac6.mcu.externaltools.arm-none.win32_1.7.0.201602121829/tools/compiler/bin/../lib/gcc/arm-none-eabi/5.2.1/armv7e-m/fpu\libgcc.a(_dvmd_tls.o)
                              c:/ac6/systemworkbench/plugins/fr.ac6.mcu.externaltools.arm-none.win32_1.7.0.201602121829/tools/compiler/bin/../lib/gcc/arm-none-eabi/5.2.1/armv7e-m/fpu\libgcc.a(_aeabi_uldivmod.o) (__aeabi_ldiv0)
c:/ac6/systemworkbench/plugins/fr.ac6.mcu.externaltools.arm-none.win32_1.7.0.201602121829/tools/compiler/bin/../lib/gcc/arm-none-eabi/5.2.1/../../../../arm-none-eabi/lib/armv7e-m/fpu\libc.a(lib_a-assert.o)
                              src/dump.o (__assert_func)
c:/ac6/systemworkbench/plugins/fr.ac6.mcu.externaltools.arm-none.win32_1.7.0.201602121829/tools/compiler/bin/../lib/gcc/arm-none-eabi/5.2.1/../../../../arm-none-eabi/lib/armv7e-m/fpu\libc.a(lib_a-errno.o)
                              src/load.o (__errno)
c:/ac6/systemworkbench/plugins/fr.ac6.mcu.externaltools.arm-none.win32_1.7.0.201602121829/tools/compiler/bin/../lib/gcc/arm-none-eabi/5.2.1/../../../../arm-none-eabi/lib/armv7e-m/fpu\libc.a(lib_a-exit.o)
                              c:/ac6/systemworkbench/plugins/fr.ac6.mcu.externaltools.arm-none.win32_1.7.0.201602121829/tools/compiler/bin/../lib/gcc/arm-none-eabi/5.2.1/../../../../arm-none-eabi/lib/armv7e-m/fpu/crt0.o (exit)
c:/ac6/systemworkbench/plugins/fr.ac6.mcu.externaltools.arm-none.win32_1.7.0.201602121829/tools/compiler/bin/../lib/gcc/arm-none-eabi/5.2.1/../../../../arm-none-eabi/lib/armv7e-m/fpu\libc.a(lib_a-fclose.o)
                              src/dump.o (fclose)
c:/ac6/systemworkbench/plugins/fr.ac6.mcu.externaltools.arm-none.win32_1.7.0.201602121829/tools/compiler/bin/../lib/gcc/arm-none-eabi/5.2.1/../../../../arm-none-eabi/lib/armv7e-m/fpu\libc.a(lib_a-fflush.o)
                              c:/ac6/systemworkbench/plugins/fr.ac6.mcu.externaltools.arm-none.win32_1.7.0.201602121829/tools/compiler/bin/../lib/gcc/arm-none-eabi/5.2.1/../../../../arm-none-eabi/lib/armv7e-m/fpu\libc.a(lib_a-fclose.o) (__sflush_r)
c:/ac6/systemworkbench/plugins/fr.ac6.mcu.externaltools.arm-none.win32_1.7.0.201602121829/tools/compiler/bin/../lib/gcc/arm-none-eabi/5.2.1/../../../../arm-none-eabi/lib/armv7e-m/fpu\libc.a(lib_a-fgetc.o)
                              src/load.o (fgetc)
c:/ac6/systemworkbench/plugins/fr.ac6.mcu.externaltools.arm-none.win32_1.7.0.201602121829/tools/compiler/bin/../lib/gcc/arm-none-eabi/5.2.1/../../../../arm-none-eabi/lib/armv7e-m/fpu\libc.a(lib_a-findfp.o)
                              c:/ac6/systemworkbench/plugins/fr.ac6.mcu.externaltools.arm-none.win32_1.7.0.201602121829/tools/compiler/bin/../lib/gcc/arm-none-eabi/5.2.1/../../../../arm-none-eabi/lib/armv7e-m/fpu\libc.a(lib_a-fclose.o) (__sinit)
c:/ac6/systemworkbench/plugins/fr.ac6.mcu.externaltools.arm-none.win32_1.7.0.201602121829/tools/compiler/bin/../lib/gcc/arm-none-eabi/5.2.1/../../../../arm-none-eabi/lib/armv7e-m/fpu\libc.a(lib_a-fiprintf.o)
[...]
Memory Configuration

Name             Origin             Length             Attributes
RAM              0x20000000         0x00020000         xrw
ROM              0x08000000         0x00080000         xr
*default*        0x00000000         0xffffffff

Linker script and memory map

LOAD c:/ac6/systemworkbench/plugins/fr.ac6.mcu.externaltools.arm-none.win32_1.7.0.201602121829/tools/compiler/bin/../lib/gcc/arm-none-eabi/5.2.1/armv7e-m/fpu/crti.o
LOAD c:/ac6/systemworkbench/plugins/fr.ac6.mcu.externaltools.arm-none.win32_1.7.0.201602121829/tools/compiler/bin/../lib/gcc/arm-none-eabi/5.2.1/armv7e-m/fpu/crtbegin.o
LOAD c:/ac6/systemworkbench/plugins/fr.ac6.mcu.externaltools.arm-none.win32_1.7.0.201602121829/tools/compiler/bin/../lib/gcc/arm-none-eabi/5.2.1/../../../../arm-none-eabi/lib/armv7e-m/fpu/crt0.o
LOAD c:/ac6/systemworkbench/plugins/fr.ac6.mcu.externaltools.arm-none.win32_1.7.0.201602121829/tools/compiler/bin/../lib/gcc/arm-none-eabi/5.2.1/../../../../arm-none-eabi/lib/armv7e-m/fpu\libm.a
LOAD startup/startup_stm32.o
LOAD src/USART.o
LOAD src/circ_buff.o
LOAD src/dump.o
LOAD src/error.o
LOAD src/hashtable.o
LOAD src/hashtable_seed.o
LOAD src/json_coms.o
LOAD src/load.o
LOAD src/main.o
LOAD src/memory.o
LOAD src/pack_unpack.o
LOAD src/state_machine.o
LOAD src/strbuffer.o
LOAD src/strconv.o
LOAD src/syscalls.o
LOAD src/system_stm32f4xx.o
LOAD src/utf.o
LOAD src/value.o
LOAD E:\Final Project\stm32f411e-disco_stdperiph_lib\Debug\libstm32f411e-disco_stdperiph_lib.a
START GROUP
LOAD c:/ac6/systemworkbench/plugins/fr.ac6.mcu.externaltools.arm-none.win32_1.7.0.201602121829/tools/compiler/bin/../lib/gcc/arm-none-eabi/5.2.1/armv7e-m/fpu\libgcc.a
LOAD c:/ac6/systemworkbench/plugins/fr.ac6.mcu.externaltools.arm-none.win32_1.7.0.201602121829/tools/compiler/bin/../lib/gcc/arm-none-eabi/5.2.1/../../../../arm-none-eabi/lib/armv7e-m/fpu\libc.a
END GROUP
LOAD c:/ac6/systemworkbench/plugins/fr.ac6.mcu.externaltools.arm-none.win32_1.7.0.201602121829/tools/compiler/bin/../lib/gcc/arm-none-eabi/5.2.1/armv7e-m/fpu/crtend.o
LOAD c:/ac6/systemworkbench/plugins/fr.ac6.mcu.externaltools.arm-none.win32_1.7.0.201602121829/tools/compiler/bin/../lib/gcc/arm-none-eabi/5.2.1/armv7e-m/fpu/crtn.o
                0x20020000                _estack = 0x20020000
                0x00000000                _Min_Heap_Size = 0x0
                0x00000400                _Min_Stack_Size = 0x400

.isr_vector     0x08000000      0x188
                0x08000000                . = ALIGN (0x4)
 *(.isr_vector)
 .isr_vector    0x08000000      0x188 startup/startup_stm32.o
                0x08000000                g_pfnVectors
                0x08000188                . = ALIGN (0x4)

.text           0x080001c0     0xe8bc
                0x080001c0                . = ALIGN (0x4)
 *(.text)
 .text          0x080001c0       0xa4 c:/ac6/systemworkbench/plugins/fr.ac6.mcu.externaltools.arm-none.win32_1.7.0.201602121829/tools/compiler/bin/../lib/gcc/arm-none-eabi/5.2.1/armv7e-m/fpu/crtbegin.o
 .text          0x08000264      0x370 c:/ac6/systemworkbench/plugins/fr.ac6.mcu.externaltools.arm-none.win32_1.7.0.201602121829/tools/compiler/bin/../lib/gcc/arm-none-eabi/5.2.1/armv7e-m/fpu\libgcc.a(_arm_addsubdf3.o)
                0x08000264                __aeabi_drsub
                0x0800026c                __aeabi_dsub
                0x0800026c                __subdf3
                0x08000270                __aeabi_dadd
                0x08000270                __adddf3
                0x080004e8                __floatunsidf
                0x080004e8                __aeabi_ui2d
                0x08000508                __floatsidf
                0x08000508                __aeabi_i2d
                0x0800052c                __aeabi_f2d
                0x0800052c                __extendsfdf2
                0x08000568                __floatundidf
                0x08000568                __aeabi_ul2d
                0x08000578                __floatdidf
                0x08000578                __aeabi_l2d
 .text          0x080005d4      0x110 c:/ac6/systemworkbench/plugins/fr.ac6.mcu.externaltools.arm-none.win32_1.7.0.201602121829/tools/compiler/bin/../lib/gcc/arm-none-eabi/5.2.1/armv7e-m/fpu\libgcc.a(_arm_cmpdf2.o)
                0x080005d4                __gtdf2
                0x080005d4                __gedf2
                0x080005dc                __ltdf2
                0x080005dc                __ledf2
                0x080005e4                __nedf2
                0x080005e4                __eqdf2
                0x080005e4                __cmpdf2
                0x08000660                __aeabi_cdrcmple
                0x08000670                __aeabi_cdcmpeq
                0x08000670                __aeabi_cdcmple
                0x08000680                __aeabi_dcmpeq
                0x08000694                __aeabi_dcmplt
                0x080006a8                __aeabi_dcmple
                0x080006bc                __aeabi_dcmpge
                0x080006d0                __aeabi_dcmpgt
 .text          0x080006e4       0x30 c:/ac6/systemworkbench/plugins/fr.ac6.mcu.externaltools.arm-none.win32_1.7.0.201602121829/tools/compiler/bin/../lib/gcc/arm-none-eabi/5.2.1/armv7e-m/fpu\libgcc.a(_aeabi_uldivmod.o)
                0x080006e4                __aeabi_uldivmod
 .text          0x08000714      0x2e4 c:/ac6/systemworkbench/plugins/fr.ac6.mcu.externaltools.arm-none.win32_1.7.0.201602121829/tools/compiler/bin/../lib/gcc/arm-none-eabi/5.2.1/armv7e-m/fpu\libgcc.a(_udivmoddi4.o)
                0x08000714                __udivmoddi4
 .text          0x080009f8        0x4 c:/ac6/systemworkbench/plugins/fr.ac6.mcu.externaltools.arm-none.win32_1.7.0.201602121829/tools/compiler/bin/../lib/gcc/arm-none-eabi/5.2.1/armv7e-m/fpu\libgcc.a(_dvmd_tls.o)
                0x080009f8                __aeabi_idiv0
                0x080009f8                __aeabi_ldiv0
 *fill*         0x080009fc        0x4 
 .text          0x08000a00       0xa0 c:/ac6/systemworkbench/plugins/fr.ac6.mcu.externaltools.arm-none.win32_1.7.0.201602121829/tools/compiler/bin/../lib/gcc/arm-none-eabi/5.2.1/../../../../arm-none-eabi/lib/armv7e-m/fpu\libc.a(lib_a-memchr.o)
                0x08000a00                memchr
 .text          0x08000aa0      0x134 c:/ac6/systemworkbench/plugins/fr.ac6.mcu.externaltools.arm-none.win32_1.7.0.201602121829/tools/compiler/bin/../lib/gcc/arm-none-eabi/5.2.1/../../../../arm-none-eabi/lib/armv7e-m/fpu\libc.a(lib_a-memcpy.o)
                0x08000aa0                memcpy
 *fill*         0x08000bd4        0xc 
 .text          0x08000be0      0x2dc c:/ac6/systemworkbench/plugins/fr.ac6.mcu.externaltools.arm-none.win32_1.7.0.201602121829/tools/compiler/bin/../lib/gcc/arm-none-eabi/5.2.1/../../../../arm-none-eabi/lib/armv7e-m/fpu\libc.a(lib_a-strcmp.o)
                0x08000be8                strcmp
 *fill*         0x08000ebc        0x4 
 .text          0x08000ec0       0xdc c:/ac6/systemworkbench/plugins/fr.ac6.mcu.externaltools.arm-none.win32_1.7.0.201602121829/tools/compiler/bin/../lib/gcc/arm-none-eabi/5.2.1/../../../../arm-none-eabi/lib/armv7e-m/fpu\libc.a(lib_a-strlen.o)
                0x08000ec0                strlen
 .text          0x08000f9c      0x424 c:/ac6/systemworkbench/plugins/fr.ac6.mcu.externaltools.arm-none.win32_1.7.0.201602121829/tools/compiler/bin/../lib/gcc/arm-none-eabi/5.2.1/armv7e-m/fpu\libgcc.a(_arm_muldivdf3.o)
                0x08000f9c                __aeabi_dmul
                0x08000f9c                __muldf3
                0x080011f0                __divdf3
                0x080011f0                __aeabi_ddiv
 .text          0x080013c0       0x50 c:/ac6/systemworkbench/plugins/fr.ac6.mcu.externaltools.arm-none.win32_1.7.0.201602121829/tools/compiler/bin/../lib/gcc/arm-none-eabi/5.2.1/armv7e-m/fpu\libgcc.a(_arm_fixdfsi.o)
                0x080013c0                __aeabi_d2iz
                0x080013c0                __fixdfsi
 .text          0x08001410       0x40 c:/ac6/systemworkbench/plugins/fr.ac6.mcu.externaltools.arm-none.win32_1.7.0.201602121829/tools/compiler/bin/../lib/gcc/arm-none-eabi/5.2.1/armv7e-m/fpu\libgcc.a(_arm_fixunsdfsi.o)
                0x08001410                __aeabi_d2uiz
                0x08001410                __fixunsdfsi
 *(.text*)
 .text.Reset_Handler
                0x08001450       0x48 startup/startup_stm32.o
                0x08001450                Reset_Handler
 .text.Default_Handler
                0x08001498        0x2 startup/startup_stm32.o
                0x08001498                DebugMon_Handler
                0x08001498                HardFault_Handler
                0x08001498                PendSV_Handler
                0x08001498                NMI_Handler
                0x08001498                UsageFault_Handler
                0x08001498                Default_Handler
                0x08001498                MemManage_Handler
                0x08001498                SVC_Handler
                0x08001498                BusFault_Handler
 *fill*         0x0800149a        0x2 
 .text.InitUSART6
                0x0800149c       0xcc src/USART.o
                0x0800149c                InitUSART6
 .text.InitBuffer
                0x08001568       0x2c src/circ_buff.o
                0x08001568                InitBuffer
 .text.haveStr  0x08001594       0x98 src/circ_buff.o
                0x08001594                haveStr
 .text.putChar  0x0800162c       0x38 src/circ_buff.o
                0x0800162c                putChar
 .text.getChar  0x08001664       0x40 src/circ_buff.o
                0x08001664                getChar
 .text.putTxStr
                0x080016a4       0x4c src/circ_buff.o
                0x080016a4                putTxStr
 .text.getRxStr
                0x080016f0       0x60 src/circ_buff.o
                0x080016f0                getRxStr
 .text.update_size
                0x08001750       0x3c src/circ_buff.o
                0x08001750                update_size
 .text.dump_to_strbuffer
                0x0800178c       0x20 src/dump.o
 .text.dump_indent
                0x080017ac       0xa4 src/dump.o
 .text.dump_string
                0x08001850      0x1ec src/dump.o
 .text.object_key_compare_keys
                0x08001a3c       0x24 src/dump.o
 .text.object_key_compare_serials
                0x08001a60       0x40 src/dump.o
 .text.do_dump  0x08001aa0      0x644 src/dump.o
 .text.json_dumps
                0x080020e4       0x64 src/dump.o
                0x080020e4                json_dumps
 .text.json_dump_callback
                0x08002148       0x54 src/dump.o
                0x08002148                json_dump_callback
 .text.jsonp_error_init
                0x0800219c       0x4c src/error.o
                0x0800219c                jsonp_error_init
 .text.jsonp_error_set_source
                0x080021e8       0x74 src/error.o
                0x080021e8                jsonp_error_set_source
 .text.jsonp_error_set
                0x0800225c       0x30 src/error.o
                0x0800225c                jsonp_error_set
 .text.jsonp_error_vset
                0x0800228c       0x58 src/error.o
                0x0800228c                jsonp_error_vset
 .text.json_decref
                0x080022e4       0x38 src/hashtable.o
 .text.hashlittle
                0x0800231c      0x318 src/hashtable.o
 .text.list_init
                0x08002634       0x20 src/hashtable.o
 .text.list_insert
                0x08002654       0x34 src/hashtable.o
 .text.bucket_is_empty
                0x08002688       0x34 src/hashtable.o
 .text.insert_to_bucket
                0x080026bc       0x50 src/hashtable.o
 .text.hashtable_find_pair
                0x0800270c       0x68 src/hashtable.o
 .text.hashtable_do_clear
                0x08002774       0x44 src/hashtable.o
 .text.hashtable_do_rehash
                0x080027b8       0xdc src/hashtable.o
 .text.hashtable_init
                0x08002894       0x84 src/hashtable.o
                0x08002894                hashtable_init
 .text.hashtable_close
                0x08002918       0x20 src/hashtable.o
                0x08002918                hashtable_close
 .text.hashtable_set
                0x08002938      0x108 src/hashtable.o
                0x08002938                hashtable_set
 .text.hashtable_get
                0x08002a40       0x64 src/hashtable.o
                0x08002a40                hashtable_get
 .text.hashtable_iter
                0x08002aa4       0x20 src/hashtable.o
                0x08002aa4                hashtable_iter
 .text.hashtable_iter_next
                0x08002ac4       0x30 src/hashtable.o
                0x08002ac4                hashtable_iter_next
 .text.hashtable_iter_key
                0x08002af4       0x1c src/hashtable.o
                0x08002af4                hashtable_iter_key
 .text.hashtable_iter_serial
                0x08002b10       0x1c src/hashtable.o
                0x08002b10                hashtable_iter_serial
 .text.hashtable_iter_value
                0x08002b2c       0x1c src/hashtable.o
                0x08002b2c                hashtable_iter_value
 .text.seed_from_timestamp_and_pid
                0x08002b48       0x20 src/hashtable_seed.o
 .text.generate_seed
                0x08002b68       0x2c src/hashtable_seed.o
 .text.json_object_seed
                0x08002b94       0x34 src/hashtable_seed.o
                0x08002b94                json_object_seed
 .text.setup_wifi_
                0x08002bc8       0x80 src/json_coms.o
                0x08002bc8                setup_wifi_
 .text.setup_MQTT_
                0x08002c48       0x80 src/json_coms.o
                0x08002c48                setup_MQTT_
 .text.setup_MQTT_Subs_
                0x08002cc8       0x7c src/json_coms.o
                0x08002cc8                setup_MQTT_Subs_
 .text.publish  0x08002d44       0x94 src/json_coms.o
                0x08002d44                publish
 .text.wifi_success_
                0x08002dd8       0xe4 src/json_coms.o
                0x08002dd8                wifi_success_
 .text.MQTT_success_
                0x08002ebc      0x100 src/json_coms.o
                0x08002ebc                MQTT_success_
 .text.SUBS_success_
                0x08002fbc      0x100 src/json_coms.o
                0x08002fbc                SUBS_success_
 .text.publish_success_
                0x080030bc       0xe4 src/json_coms.o
                0x080030bc                publish_success_
 .text.startup_success_
                0x080031a0       0x94 src/json_coms.o
                0x080031a0                startup_success_
 .text.json_incref
                0x08003234       0x30 src/load.o
 .text.json_decref
                0x08003264       0x38 src/load.o
 .text.json_object_set_nocheck
                0x0800329c       0x28 src/load.o
 .text.json_array_append
                0x080032c4       0x24 src/load.o
 .text.error_set
                0x080032e8      0x148 src/load.o
 .text.stream_init
                0x08003430       0x48 src/load.o
 .text.stream_get
                0x08003478      0x170 src/load.o
 .text.stream_unget
                0x080035e8       0xac src/load.o
 .text.lex_get  0x08003694       0x20 src/load.o
 .text.lex_save
                0x080036b4       0x24 src/load.o
 .text.lex_get_save
                0x080036d8       0x38 src/load.o
 .text.lex_unget
                0x08003710       0x1c src/load.o
 .text.lex_unget_unsave
                0x0800372c       0x5c src/load.o
 .text.lex_save_cached
                0x08003788       0x48 src/load.o
 .text.lex_free_string
                0x080037d0       0x28 src/load.o
 .text.decode_unicode_escape
                0x080037f8       0xa8 src/load.o
 .text.lex_scan_string
                0x080038a0      0x390 src/load.o
 .text.lex_scan_number
                0x08003c30      0x22c src/load.o
 .text.lex_scan
                0x08003e5c      0x194 src/load.o
 .text.lex_steal_string
                0x08003ff0       0x40 src/load.o
 .text.lex_init
                0x08004030       0x48 src/load.o
 .text.lex_close
                0x08004078       0x2c src/load.o
 .text.parse_object
                0x080040a4      0x174 src/load.o
 .text.parse_array
                0x08004218       0xb0 src/load.o
 .text.parse_value
                0x080042c8      0x144 src/load.o
 .text.parse_json
                0x0800440c       0xa4 src/load.o
 .text.string_get
                0x080044b0       0x40 src/load.o
 .text.json_loads
                0x080044f0       0x7c src/load.o
                0x080044f0                json_loads
 .text.NVIC_SetPriority
                0x0800456c       0x54 src/main.o
 .text.SysTick_Config
                0x080045c0       0x44 src/main.o
 .text.main     0x08004604       0x7c src/main.o
                0x08004604                main
 .text.SysTick_Handler
                0x08004680       0x1c src/main.o
                0x08004680                SysTick_Handler
 *fill*         0x0800469c        0x4 
 .text._gettimeofday
                0x080046a0       0x7c src/main.o
                0x080046a0                _gettimeofday
 .text.jsonp_malloc
                0x0800471c       0x28 src/memory.o
                0x0800471c                jsonp_malloc
 .text.jsonp_free
                0x08004744       0x24 src/memory.o
                0x08004744                jsonp_free
 .text.jsonp_strdup
                0x08004768       0x24 src/memory.o
                0x08004768                jsonp_strdup
 .text.jsonp_strndup
                0x0800478c       0x40 src/memory.o
                0x0800478c                jsonp_strndup
 .text.json_incref
                0x080047cc       0x30 src/pack_unpack.o
 .text.json_decref
                0x080047fc       0x38 src/pack_unpack.o
 .text.scanner_init
                0x08004834       0x6c src/pack_unpack.o
 .text.next_token
                0x080048a0       0xe8 src/pack_unpack.o
 .text.prev_token
                0x08004988       0x34 src/pack_unpack.o
 .text.set_error
                0x080049bc       0x4c src/pack_unpack.o
 .text.read_string
                0x08004a08      0x1b8 src/pack_unpack.o
 .text.pack_object
                0x08004bc0      0x10c src/pack_unpack.o
 .text.pack_array
                0x08004ccc       0x90 src/pack_unpack.o
 .text.pack_string
                0x08004d5c       0x8c src/pack_unpack.o
 .text.pack     0x08004de8      0x258 src/pack_unpack.o
 .text.json_vpack_ex
                0x08005040       0xbc src/pack_unpack.o
                0x08005040                json_vpack_ex
 .text.json_pack
                0x080050fc       0x2c src/pack_unpack.o
                0x080050fc                json_pack
 .text.state_machine
                0x08005128      0x37c src/state_machine.o
                0x08005128                state_machine
 .text.time_out
                0x080054a4       0x38 src/state_machine.o
                0x080054a4                time_out
 .text.strbuffer_init
                0x080054dc       0x44 src/strbuffer.o
                0x080054dc                strbuffer_init
 .text.strbuffer_close
                0x08005520       0x34 src/strbuffer.o
                0x08005520                strbuffer_close
 .text.strbuffer_clear
                0x08005554       0x24 src/strbuffer.o
                0x08005554                strbuffer_clear
 .text.strbuffer_value
                0x08005578       0x18 src/strbuffer.o
                0x08005578                strbuffer_value
 .text.strbuffer_steal_value
                0x08005590       0x24 src/strbuffer.o
                0x08005590                strbuffer_steal_value
 .text.strbuffer_append_byte
                0x080055b4       0x24 src/strbuffer.o
                0x080055b4                strbuffer_append_byte
 .text.strbuffer_append_bytes
                0x080055d8       0xcc src/strbuffer.o
                0x080055d8                strbuffer_append_bytes
 .text.strbuffer_pop
                0x080056a4       0x48 src/strbuffer.o
                0x080056a4                strbuffer_pop
 .text.to_locale
                0x080056ec       0x40 src/strconv.o
 .text.from_locale
                0x0800572c       0x40 src/strconv.o
 .text.jsonp_strtod
                0x0800576c       0xac src/strconv.o
                0x0800576c                jsonp_strtod
 .text.jsonp_dtostr
                0x08005818      0x11c src/strconv.o
                0x08005818                jsonp_dtostr
 .text._getpid  0x08005934       0x10 src/syscalls.o
                0x08005934                _getpid
 .text._kill    0x08005944       0x20 src/syscalls.o
                0x08005944                _kill
 .text._exit    0x08005964       0x14 src/syscalls.o
                0x08005964                _exit
 .text._read    0x08005978       0x3c src/syscalls.o
                0x08005978                _read
 .text._write   0x080059b4       0x38 src/syscalls.o
                0x080059b4                _write
 .text._sbrk    0x080059ec       0x58 src/syscalls.o
                0x080059ec                _sbrk
 .text._close   0x08005a44       0x18 src/syscalls.o
                0x08005a44                _close
 .text._fstat   0x08005a5c       0x20 src/syscalls.o
                0x08005a5c                _fstat
 .text._isatty  0x08005a7c       0x18 src/syscalls.o
                0x08005a7c                _isatty
 .text._lseek   0x08005a94       0x1c src/syscalls.o
                0x08005a94                _lseek
 .text.SystemInit
                0x08005ab0       0x6c src/system_stm32f4xx.o
                0x08005ab0                SystemInit
 .text.SystemCoreClockUpdate
                0x08005b1c       0xe0 src/system_stm32f4xx.o
                0x08005b1c                SystemCoreClockUpdate
 .text.SetSysClock
                0x08005bfc       0xa0 src/system_stm32f4xx.o
 .text.utf8_encode
                0x08005c9c      0x12c src/utf.o
                0x08005c9c                utf8_encode
 .text.utf8_check_first
                0x08005dc8       0x7c src/utf.o
                0x08005dc8                utf8_check_first
 .text.utf8_check_full
                0x08005e44       0xf0 src/utf.o
                0x08005e44                utf8_check_full
 .text.utf8_iterate
                0x08005f34       0x74 src/utf.o
                0x08005f34                utf8_iterate
 .text.utf8_check_string
                0x08005fa8       0x7c src/utf.o
                0x08005fa8                utf8_check_string
 .text.json_decref
                0x08006024       0x38 src/value.o
 .text.json_init
                0x0800605c       0x24 src/value.o
 .text.json_object
                0x08006080       0x64 src/value.o
                0x08006080                json_object
 .text.json_delete_object
                0x080060e4       0x20 src/value.o
 .text.json_object_size
                0x08006104       0x30 src/value.o
                0x08006104                json_object_size
 .text.json_object_get
                0x08006134       0x3c src/value.o
                0x08006134                json_object_get
 .text.json_object_set_new_nocheck
                0x08006170       0x78 src/value.o
                0x08006170                json_object_set_new_nocheck
 .text.json_object_iter
                0x080061e8       0x34 src/value.o
                0x080061e8                json_object_iter
 .text.json_object_iter_next
                0x0800621c       0x3c src/value.o
                0x0800621c                json_object_iter_next
 .text.json_object_iter_key
                0x08006258       0x24 src/value.o
                0x08006258                json_object_iter_key
 .text.json_object_iter_value
                0x0800627c       0x24 src/value.o
                0x0800627c                json_object_iter_value
 .text.json_array
                0x080062a0       0x64 src/value.o
                0x080062a0                json_array
 .text.json_delete_array
                0x08006304       0x48 src/value.o
 .text.json_array_size
                0x0800634c       0x2c src/value.o
                0x0800634c                json_array_size
 .text.json_array_get
                0x08006378       0x48 src/value.o
                0x08006378                json_array_get
 .text.array_copy
                0x080063c0       0x30 src/value.o
 .text.json_array_grow
                0x080063f0       0x90 src/value.o
 .text.json_array_append_new
                0x08006480       0x7c src/value.o
                0x08006480                json_array_append_new
 .text.string_create
                0x080064fc       0x74 src/value.o
 .text.json_stringn_nocheck
                0x08006570       0x20 src/value.o
                0x08006570                json_stringn_nocheck
 .text.jsonp_stringn_nocheck_own
                0x08006590       0x20 src/value.o
                0x08006590                jsonp_stringn_nocheck_own
 .text.json_string_value
                0x080065b0       0x2c src/value.o
                0x080065b0                json_string_value
 .text.json_string_length
                0x080065dc       0x2c src/value.o
                0x080065dc                json_string_length
 .text.json_delete_string
                0x08006608       0x20 src/value.o
 .text.json_integer
                0x08006628       0x3c src/value.o
                0x08006628                json_integer
 .text.json_integer_value
                0x08006664       0x34 src/value.o
                0x08006664                json_integer_value
 .text.json_delete_integer
                0x08006698       0x18 src/value.o
 .text.json_real
                0x080066b0       0x5c src/value.o
                0x080066b0                json_real
 .text.json_real_value
                0x0800670c       0x3c src/value.o
                0x0800670c                json_real_value
 .text.json_delete_real
                0x08006748       0x18 src/value.o
 .text.json_true
                0x08006760       0x14 src/value.o
                0x08006760                json_true
 .text.json_false
                0x08006774       0x14 src/value.o
                0x08006774                json_false
 .text.json_null
                0x08006788       0x14 src/value.o
                0x08006788                json_null
 .text.json_delete
                0x0800679c       0x64 src/value.o
                0x0800679c                json_delete
 .text.NVIC_Init
                0x08006800       0xc4 E:\Final Project\stm32f411e-disco_stdperiph_lib\Debug\libstm32f411e-disco_stdperiph_lib.a(misc.o)
                0x08006800                NVIC_Init
 .text.GPIO_Init
                0x080068c4      0x11c E:\Final Project\stm32f411e-disco_stdperiph_lib\Debug\libstm32f411e-disco_stdperiph_lib.a(stm32f4xx_gpio.o)
                0x080068c4                GPIO_Init
 .text.GPIO_PinAFConfig
                0x080069e0       0x94 E:\Final Project\stm32f411e-disco_stdperiph_lib\Debug\libstm32f411e-disco_stdperiph_lib.a(stm32f4xx_gpio.o)
                0x080069e0                GPIO_PinAFConfig
 .text.RCC_GetClocksFreq
                0x08006a74      0x154 E:\Final Project\stm32f411e-disco_stdperiph_lib\Debug\libstm32f411e-disco_stdperiph_lib.a(stm32f4xx_rcc.o)
                0x08006a74                RCC_GetClocksFreq
 .text.RCC_AHB1PeriphClockCmd
                0x08006bc8       0x40 E:\Final Project\stm32f411e-disco_stdperiph_lib\Debug\libstm32f411e-disco_stdperiph_lib.a(stm32f4xx_rcc.o)
                0x08006bc8                RCC_AHB1PeriphClockCmd
 .text.RCC_APB2PeriphClockCmd
                0x08006c08       0x40 E:\Final Project\stm32f411e-disco_stdperiph_lib\Debug\libstm32f411e-disco_stdperiph_lib.a(stm32f4xx_rcc.o)
                0x08006c08                RCC_APB2PeriphClockCmd
 .text.USART_Init
                0x08006c48      0x178 E:\Final Project\stm32f411e-disco_stdperiph_lib\Debug\libstm32f411e-disco_stdperiph_lib.a(stm32f4xx_usart.o)
                0x08006c48                USART_Init
 .text.USART_Cmd
                0x08006dc0       0x40 E:\Final Project\stm32f411e-disco_stdperiph_lib\Debug\libstm32f411e-disco_stdperiph_lib.a(stm32f4xx_usart.o)
                0x08006dc0                USART_Cmd
 .text.USART_ITConfig
                0x08006e00       0x90 E:\Final Project\stm32f411e-disco_stdperiph_lib\Debug\libstm32f411e-disco_stdperiph_lib.a(stm32f4xx_usart.o)
                0x08006e00                USART_ITConfig
 .text.__assert_func
                0x08006e90       0x3c c:/ac6/systemworkbench/plugins/fr.ac6.mcu.externaltools.arm-none.win32_1.7.0.201602121829/tools/compiler/bin/../lib/gcc/arm-none-eabi/5.2.1/../../../../arm-none-eabi/lib/armv7e-m/fpu\libc.a(lib_a-assert.o)
                0x08006e90                __assert_func
 .text.__errno  0x08006ecc        0xc c:/ac6/systemworkbench/plugins/fr.ac6.mcu.externaltools.arm-none.win32_1.7.0.201602121829/tools/compiler/bin/../lib/gcc/arm-none-eabi/5.2.1/../../../../arm-none-eabi/lib/armv7e-m/fpu\libc.a(lib_a-errno.o)
                0x08006ecc                __errno
 .text._fclose_r
                0x08006ed8       0x84 c:/ac6/systemworkbench/plugins/fr.ac6.mcu.externaltools.arm-none.win32_1.7.0.201602121829/tools/compiler/bin/../lib/gcc/arm-none-eabi/5.2.1/../../../../arm-none-eabi/lib/armv7e-m/fpu\libc.a(lib_a-fclose.o)
                0x08006ed8                _fclose_r
 .text.__sflush_r
                0x08006f5c      0x148 c:/ac6/systemworkbench/plugins/fr.ac6.mcu.externaltools.arm-none.win32_1.7.0.201602121829/tools/compiler/bin/../lib/gcc/arm-none-eabi/5.2.1/../../../../arm-none-eabi/lib/armv7e-m/fpu\libc.a(lib_a-fflush.o)
                0x08006f5c                __sflush_r
 .text._fflush_r
                0x080070a4       0x2c c:/ac6/systemworkbench/plugins/fr.ac6.mcu.externaltools.arm-none.win32_1.7.0.201602121829/tools/compiler/bin/../lib/gcc/arm-none-eabi/5.2.1/../../../../arm-none-eabi/lib/armv7e-m/fpu\libc.a(lib_a-fflush.o)
                0x080070a4                _fflush_r
 .text._cleanup_r
                0x080070d0        0xc c:/ac6/systemworkbench/plugins/fr.ac6.mcu.externaltools.arm-none.win32_1.7.0.201602121829/tools/compiler/bin/../lib/gcc/arm-none-eabi/5.2.1/../../../../arm-none-eabi/lib/armv7e-m/fpu\libc.a(lib_a-findfp.o)
                0x080070d0                _cleanup_r
 .text.__sinit.part.1
                0x080070dc       0xf0 c:/ac6/systemworkbench/plugins/fr.ac6.mcu.externaltools.arm-none.win32_1.7.0.201602121829/tools/compiler/bin/../lib/gcc/arm-none-eabi/5.2.1/../../../../arm-none-eabi/lib/armv7e-m/fpu\libc.a(lib_a-findfp.o)
 .text.__sinit  0x080071cc        0xc c:/ac6/systemworkbench/plugins/fr.ac6.mcu.externaltools.arm-none.win32_1.7.0.201602121829/tools/compiler/bin/../lib/gcc/arm-none-eabi/5.2.1/../../../../arm-none-eabi/lib/armv7e-m/fpu\libc.a(lib_a-findfp.o)
                0x080071cc                __sinit
 .text.__sfp_lock_acquire
                0x080071d8        0x4 c:/ac6/systemworkbench/plugins/fr.ac6.mcu.externaltools.arm-none.win32_1.7.0.201602121829/tools/compiler/bin/../lib/gcc/arm-none-eabi/5.2.1/../../../../arm-none-eabi/lib/armv7e-m/fpu\libc.a(lib_a-findfp.o)
                0x080071d8                __sfp_lock_acquire
 .text.__sfp_lock_release
                0x080071dc        0x4 c:/ac6/systemworkbench/plugins/fr.ac6.mcu.externaltools.arm-none.win32_1.7.0.201602121829/tools/compiler/bin/../lib/gcc/arm-none-eabi/5.2.1/../../../../arm-none-eabi/lib/armv7e-m/fpu\libc.a(lib_a-findfp.o)
                0x080071dc                __sfp_lock_release
 .text.fiprintf
                0x080071e0       0x28 c:/ac6/systemworkbench/plugins/fr.ac6.mcu.externaltools.arm-none.win32_1.7.0.201602121829/tools/compiler/bin/../lib/gcc/arm-none-eabi/5.2.1/../../../../arm-none-eabi/lib/armv7e-m/fpu\libc.a(lib_a-fiprintf.o)
                0x080071e0                fiprintf
 .text._malloc_trim_r
                0x08007208       0x9c c:/ac6/systemworkbench/plugins/fr.ac6.mcu.externaltools.arm-none.win32_1.7.0.201602121829/tools/compiler/bin/../lib/gcc/arm-none-eabi/5.2.1/../../../../arm-none-eabi/lib/armv7e-m/fpu\libc.a(lib_a-freer.o)
                0x08007208                _malloc_trim_r
 .text._free_r  0x080072a4      0x1d0 c:/ac6/systemworkbench/plugins/fr.ac6.mcu.externaltools.arm-none.win32_1.7.0.201602121829/tools/compiler/bin/../lib/gcc/arm-none-eabi/5.2.1/../../../../arm-none-eabi/lib/armv7e-m/fpu\libc.a(lib_a-freer.o)
                0x080072a4                _free_r
 .text._fstat_r
                0x08007474       0x28 c:/ac6/systemworkbench/plugins/fr.ac6.mcu.externaltools.arm-none.win32_1.7.0.201602121829/tools/compiler/bin/../lib/gcc/arm-none-eabi/5.2.1/../../../../arm-none-eabi/lib/armv7e-m/fpu\libc.a(lib_a-fstatr.o)
                0x08007474                _fstat_r
 .text._fwalk_reent
                0x0800749c       0x54 c:/ac6/systemworkbench/plugins/fr.ac6.mcu.externaltools.arm-none.win32_1.7.0.201602121829/tools/compiler/bin/../lib/gcc/arm-none-eabi/5.2.1/../../../../arm-none-eabi/lib/armv7e-m/fpu\libc.a(lib_a-fwalk.o)
                0x0800749c                _fwalk_reent
 .text.__libc_init_array
                0x080074f0       0x50 c:/ac6/systemworkbench/plugins/fr.ac6.mcu.externaltools.arm-none.win32_1.7.0.201602121829/tools/compiler/bin/../lib/gcc/arm-none-eabi/5.2.1/../../../../arm-none-eabi/lib/armv7e-m/fpu\libc.a(lib_a-init.o)
                0x080074f0                __libc_init_array
 .text.__locale_charset
                0x08007540        0x8 c:/ac6/systemworkbench/plugins/fr.ac6.mcu.externaltools.arm-none.win32_1.7.0.201602121829/tools/compiler/bin/../lib/gcc/arm-none-eabi/5.2.1/../../../../arm-none-eabi/lib/armv7e-m/fpu\libc.a(lib_a-locale.o)
                0x08007540                __locale_charset
 .text.__locale_mb_cur_max
                0x08007548        0xc c:/ac6/systemworkbench/plugins/fr.ac6.mcu.externaltools.arm-none.win32_1.7.0.201602121829/tools/compiler/bin/../lib/gcc/arm-none-eabi/5.2.1/../../../../arm-none-eabi/lib/armv7e-m/fpu\libc.a(lib_a-locale.o)
                0x08007548                __locale_mb_cur_max
 .text._localeconv_r
                0x08007554        0x8 c:/ac6/systemworkbench/plugins/fr.ac6.mcu.externaltools.arm-none.win32_1.7.0.201602121829/tools/compiler/bin/../lib/gcc/arm-none-eabi/5.2.1/../../../../arm-none-eabi/lib/armv7e-m/fpu\libc.a(lib_a-locale.o)
                0x08007554                _localeconv_r
 .text.localeconv
                0x0800755c        0x8 c:/ac6/systemworkbench/plugins/fr.ac6.mcu.externaltools.arm-none.win32_1.7.0.201602121829/tools/compiler/bin/../lib/gcc/arm-none-eabi/5.2.1/../../../../arm-none-eabi/lib/armv7e-m/fpu\libc.a(lib_a-locale.o)
                0x0800755c                localeconv
 .text.__smakebuf_r
                0x08007564       0xe0 c:/ac6/systemworkbench/plugins/fr.ac6.mcu.externaltools.arm-none.win32_1.7.0.201602121829/tools/compiler/bin/../lib/gcc/arm-none-eabi/5.2.1/../../../../arm-none-eabi/lib/armv7e-m/fpu\libc.a(lib_a-makebuf.o)
                0x08007564                __smakebuf_r
 .text.malloc   0x08007644       0x10 c:/ac6/systemworkbench/plugins/fr.ac6.mcu.externaltools.arm-none.win32_1.7.0.201602121829/tools/compiler/bin/../lib/gcc/arm-none-eabi/5.2.1/../../../../arm-none-eabi/lib/armv7e-m/fpu\libc.a(lib_a-malloc.o)
                0x08007644                malloc
 .text.free     0x08007654       0x10 c:/ac6/systemworkbench/plugins/fr.ac6.mcu.externaltools.arm-none.win32_1.7.0.201602121829/tools/compiler/bin/../lib/gcc/arm-none-eabi/5.2.1/../../../../arm-none-eabi/lib/armv7e-m/fpu\libc.a(lib_a-malloc.o)
                0x08007654                free
 .text._malloc_r
                0x08007664      0x570 c:/ac6/systemworkbench/plugins/fr.ac6.mcu.externaltools.arm-none.win32_1.7.0.201602121829/tools/compiler/bin/../lib/gcc/arm-none-eabi/5.2.1/../../../../arm-none-eabi/lib/armv7e-m/fpu\libc.a(lib_a-mallocr.o)
                0x08007664                _malloc_r
 .text.memmove  0x08007bd4       0xc8 c:/ac6/systemworkbench/plugins/fr.ac6.mcu.externaltools.arm-none.win32_1.7.0.201602121829/tools/compiler/bin/../lib/gcc/arm-none-eabi/5.2.1/../../../../arm-none-eabi/lib/armv7e-m/fpu\libc.a(lib_a-memmove.o)
                0x08007bd4                memmove
 .text.memset   0x08007c9c       0x9c c:/ac6/systemworkbench/plugins/fr.ac6.mcu.externaltools.arm-none.win32_1.7.0.201602121829/tools/compiler/bin/../lib/gcc/arm-none-eabi/5.2.1/../../../../arm-none-eabi/lib/armv7e-m/fpu\libc.a(lib_a-memset.o)
                0x08007c9c                memset
 .text.__malloc_lock
                0x08007d38        0x4 c:/ac6/systemworkbench/plugins/fr.ac6.mcu.externaltools.arm-none.win32_1.7.0.201602121829/tools/compiler/bin/../lib/gcc/arm-none-eabi/5.2.1/../../../../arm-none-eabi/lib/armv7e-m/fpu\libc.a(lib_a-mlock.o)
                0x08007d38                __malloc_lock
 .text.__malloc_unlock
                0x08007d3c        0x4 c:/ac6/systemworkbench/plugins/fr.ac6.mcu.externaltools.arm-none.win32_1.7.0.201602121829/tools/compiler/bin/../lib/gcc/arm-none-eabi/5.2.1/../../../../arm-none-eabi/lib/armv7e-m/fpu\libc.a(lib_a-mlock.o)
                0x08007d3c                __malloc_unlock
 .text.qsort    0x08007d40      0x574 c:/ac6/systemworkbench/plugins/fr.ac6.mcu.externaltools.arm-none.win32_1.7.0.201602121829/tools/compiler/bin/../lib/gcc/arm-none-eabi/5.2.1/../../../../arm-none-eabi/lib/armv7e-m/fpu\libc.a(lib_a-qsort.o)
                0x08007d40                qsort
 .text.__fpclassifyd
                0x080082b4       0x5c c:/ac6/systemworkbench/plugins/fr.ac6.mcu.externaltools.arm-none.win32_1.7.0.201602121829/tools/compiler/bin/../lib/gcc/arm-none-eabi/5.2.1/../../../../arm-none-eabi/lib/armv7e-m/fpu\libc.a(lib_a-s_fpclassify.o)
                0x080082b4                __fpclassifyd
 .text._sbrk_r  0x08008310       0x24 c:/ac6/systemworkbench/plugins/fr.ac6.mcu.externaltools.arm-none.win32_1.7.0.201602121829/tools/compiler/bin/../lib/gcc/arm-none-eabi/5.2.1/../../../../arm-none-eabi/lib/armv7e-m/fpu\libc.a(lib_a-sbrkr.o)
                0x08008310                _sbrk_r
 .text.snprintf
                0x08008334       0x9c c:/ac6/systemworkbench/plugins/fr.ac6.mcu.externaltools.arm-none.win32_1.7.0.201602121829/tools/compiler/bin/../lib/gcc/arm-none-eabi/5.2.1/../../../../arm-none-eabi/lib/armv7e-m/fpu\libc.a(lib_a-snprintf.o)
                0x08008334                snprintf
 .text.__sread  0x080083d0       0x24 c:/ac6/systemworkbench/plugins/fr.ac6.mcu.externaltools.arm-none.win32_1.7.0.201602121829/tools/compiler/bin/../lib/gcc/arm-none-eabi/5.2.1/../../../../arm-none-eabi/lib/armv7e-m/fpu\libc.a(lib_a-stdio.o)
                0x080083d0                __sread
 .text.__swrite
                0x080083f4       0x38 c:/ac6/systemworkbench/plugins/fr.ac6.mcu.externaltools.arm-none.win32_1.7.0.201602121829/tools/compiler/bin/../lib/gcc/arm-none-eabi/5.2.1/../../../../arm-none-eabi/lib/armv7e-m/fpu\libc.a(lib_a-stdio.o)
                0x080083f4                __swrite
 .text.__sseek  0x0800842c       0x20 c:/ac6/systemworkbench/plugins/fr.ac6.mcu.externaltools.arm-none.win32_1.7.0.201602121829/tools/compiler/bin/../lib/gcc/arm-none-eabi/5.2.1/../../../../arm-none-eabi/lib/armv7e-m/fpu\libc.a(lib_a-stdio.o)
                0x0800842c                __sseek
 .text.__sclose
                0x0800844c        0x8 c:/ac6/systemworkbench/plugins/fr.ac6.mcu.externaltools.arm-none.win32_1.7.0.201602121829/tools/compiler/bin/../lib/gcc/arm-none-eabi/5.2.1/../../../../arm-none-eabi/lib/armv7e-m/fpu\libc.a(lib_a-stdio.o)
                0x0800844c                __sclose
 .text.strchr   0x08008454       0xd0 c:/ac6/systemworkbench/plugins/fr.ac6.mcu.externaltools.arm-none.win32_1.7.0.201602121829/tools/compiler/bin/../lib/gcc/arm-none-eabi/5.2.1/../../../../arm-none-eabi/lib/armv7e-m/fpu\libc.a(lib_a-strchr.o)
                0x08008454                strchr
 .text.strncpy  0x08008524       0x68 c:/ac6/systemworkbench/plugins/fr.ac6.mcu.externaltools.arm-none.win32_1.7.0.201602121829/tools/compiler/bin/../lib/gcc/arm-none-eabi/5.2.1/../../../../arm-none-eabi/lib/armv7e-m/fpu\libc.a(lib_a-strncpy.o)
                0x08008524                strncpy
 .text.sulp     0x0800858c       0x40 c:/ac6/systemworkbench/plugins/fr.ac6.mcu.externaltools.arm-none.win32_1.7.0.201602121829/tools/compiler/bin/../lib/gcc/arm-none-eabi/5.2.1/../../../../arm-none-eabi/lib/armv7e-m/fpu\libc.a(lib_a-strtod.o)
 *fill*         0x080085cc        0x4 
 .text._strtod_r
                0x080085d0      0xec0 c:/ac6/systemworkbench/plugins/fr.ac6.mcu.externaltools.arm-none.win32_1.7.0.201602121829/tools/compiler/bin/../lib/gcc/arm-none-eabi/5.2.1/../../../../arm-none-eabi/lib/armv7e-m/fpu\libc.a(lib_a-strtod.o)
                0x080085d0                _strtod_r
 .text.strtod   0x08009490       0x10 c:/ac6/systemworkbench/plugins/fr.ac6.mcu.externaltools.arm-none.win32_1.7.0.201602121829/tools/compiler/bin/../lib/gcc/arm-none-eabi/5.2.1/../../../../arm-none-eabi/lib/armv7e-m/fpu\libc.a(lib_a-strtod.o)
                0x08009490                strtod
 .text.strtoll  0x080094a0       0x18 c:/ac6/systemworkbench/plugins/fr.ac6.mcu.externaltools.arm-none.win32_1.7.0.201602121829/tools/compiler/bin/../lib/gcc/arm-none-eabi/5.2.1/../../../../arm-none-eabi/lib/armv7e-m/fpu\libc.a(lib_a-strtoll.o)
                0x080094a0                strtoll
 .text._strtoll_r
                0x080094b8      0x1b0 c:/ac6/systemworkbench/plugins/fr.ac6.mcu.externaltools.arm-none.win32_1.7.0.201602121829/tools/compiler/bin/../lib/gcc/arm-none-eabi/5.2.1/../../../../arm-none-eabi/lib/armv7e-m/fpu\libc.a(lib_a-strtoll_r.o)
                0x080094b8                _strtoll_r
 .text._svfprintf_r
                0x08009668     0x169c c:/ac6/systemworkbench/plugins/fr.ac6.mcu.externaltools.arm-none.win32_1.7.0.201602121829/tools/compiler/bin/../lib/gcc/arm-none-eabi/5.2.1/../../../../arm-none-eabi/lib/armv7e-m/fpu\libc.a(lib_a-svfprintf.o)
                0x08009668                _svfprintf_r
 .text.time     0x0800ad04       0x2c c:/ac6/systemworkbench/plugins/fr.ac6.mcu.externaltools.arm-none.win32_1.7.0.201602121829/tools/compiler/bin/../lib/gcc/arm-none-eabi/5.2.1/../../../../arm-none-eabi/lib/armv7e-m/fpu\libc.a(lib_a-time.o)
                0x0800ad04                time
 .text.__sprint_r.part.0
                0x0800ad30       0x78 c:/ac6/systemworkbench/plugins/fr.ac6.mcu.externaltools.arm-none.win32_1.7.0.201602121829/tools/compiler/bin/../lib/gcc/arm-none-eabi/5.2.1/../../../../arm-none-eabi/lib/armv7e-m/fpu\libc.a(lib_a-vfiprintf.o)
 .text._vfiprintf_r
                0x0800ada8      0xdf8 c:/ac6/systemworkbench/plugins/fr.ac6.mcu.externaltools.arm-none.win32_1.7.0.201602121829/tools/compiler/bin/../lib/gcc/arm-none-eabi/5.2.1/../../../../arm-none-eabi/lib/armv7e-m/fpu\libc.a(lib_a-vfiprintf.o)
                0x0800ada8                _vfiprintf_r
 .text.__sbprintf
                0x0800bba0       0x6c c:/ac6/systemworkbench/plugins/fr.ac6.mcu.externaltools.arm-none.win32_1.7.0.201602121829/tools/compiler/bin/../lib/gcc/arm-none-eabi/5.2.1/../../../../arm-none-eabi/lib/armv7e-m/fpu\libc.a(lib_a-vfiprintf.o)
 .text._vsnprintf_r
                0x0800bc0c       0x74 c:/ac6/systemworkbench/plugins/fr.ac6.mcu.externaltools.arm-none.win32_1.7.0.201602121829/tools/compiler/bin/../lib/gcc/arm-none-eabi/5.2.1/../../../../arm-none-eabi/lib/armv7e-m/fpu\libc.a(lib_a-vsnprintf.o)
                0x0800bc0c                _vsnprintf_r
 .text.vsnprintf
                0x0800bc80       0x20 c:/ac6/systemworkbench/plugins/fr.ac6.mcu.externaltools.arm-none.win32_1.7.0.201602121829/tools/compiler/bin/../lib/gcc/arm-none-eabi/5.2.1/../../../../arm-none-eabi/lib/armv7e-m/fpu\libc.a(lib_a-vsnprintf.o)
                0x0800bc80                vsnprintf
 .text._write_r
                0x0800bca0       0x2c c:/ac6/systemworkbench/plugins/fr.ac6.mcu.externaltools.arm-none.win32_1.7.0.201602121829/tools/compiler/bin/../lib/gcc/arm-none-eabi/5.2.1/../../../../arm-none-eabi/lib/armv7e-m/fpu\libc.a(lib_a-writer.o)
                0x0800bca0                _write_r
 .text.__swsetup_r
                0x0800bccc       0xc4 c:/ac6/systemworkbench/plugins/fr.ac6.mcu.externaltools.arm-none.win32_1.7.0.201602121829/tools/compiler/bin/../lib/gcc/arm-none-eabi/5.2.1/../../../../arm-none-eabi/lib/armv7e-m/fpu\libc.a(lib_a-wsetup.o)
                0x0800bccc                __swsetup_r
 .text.startup.register_fini
                0x0800bd90       0x14 c:/ac6/systemworkbench/plugins/fr.ac6.mcu.externaltools.arm-none.win32_1.7.0.201602121829/tools/compiler/bin/../lib/gcc/arm-none-eabi/5.2.1/../../../../arm-none-eabi/lib/armv7e-m/fpu\libc.a(lib_a-__call_atexit.o)
 .text.abort    0x0800bda4       0x10 c:/ac6/systemworkbench/plugins/fr.ac6.mcu.externaltools.arm-none.win32_1.7.0.201602121829/tools/compiler/bin/../lib/gcc/arm-none-eabi/5.2.1/../../../../arm-none-eabi/lib/armv7e-m/fpu\libc.a(lib_a-abort.o)
                0x0800bda4                abort
 .text.atexit   0x0800bdb4        0xc c:/ac6/systemworkbench/plugins/fr.ac6.mcu.externaltools.arm-none.win32_1.7.0.201602121829/tools/compiler/bin/../lib/gcc/arm-none-eabi/5.2.1/../../../../arm-none-eabi/lib/armv7e-m/fpu\libc.a(lib_a-atexit.o)
                0x0800bdb4                atexit
 .text._close_r
                0x0800bdc0       0x24 c:/ac6/systemworkbench/plugins/fr.ac6.mcu.externaltools.arm-none.win32_1.7.0.201602121829/tools/compiler/bin/../lib/gcc/arm-none-eabi/5.2.1/../../../../arm-none-eabi/lib/armv7e-m/fpu\libc.a(lib_a-closer.o)
                0x0800bdc0                _close_r
 .text.quorem   0x0800bde4      0x128 c:/ac6/systemworkbench/plugins/fr.ac6.mcu.externaltools.arm-none.win32_1.7.0.201602121829/tools/compiler/bin/../lib/gcc/arm-none-eabi/5.2.1/../../../../arm-none-eabi/lib/armv7e-m/fpu\libc.a(lib_a-dtoa.o)
 *fill*         0x0800bf0c        0x4 
 .text._dtoa_r  0x0800bf10      0xe34 c:/ac6/systemworkbench/plugins/fr.ac6.mcu.externaltools.arm-none.win32_1.7.0.201602121829/tools/compiler/bin/../lib/gcc/arm-none-eabi/5.2.1/../../../../arm-none-eabi/lib/armv7e-m/fpu\libc.a(lib_a-dtoa.o)
                0x0800bf10                _dtoa_r
 .text.__libc_fini_array
                0x0800cd44       0x28 c:/ac6/systemworkbench/plugins/fr.ac6.mcu.externaltools.arm-none.win32_1.7.0.201602121829/tools/compiler/bin/../lib/gcc/arm-none-eabi/5.2.1/../../../../arm-none-eabi/lib/armv7e-m/fpu\libc.a(lib_a-fini.o)
                0x0800cd44                __libc_fini_array
 .text.__fputwc
                0x0800cd6c       0xb0 c:/ac6/systemworkbench/plugins/fr.ac6.mcu.externaltools.arm-none.win32_1.7.0.201602121829/tools/compiler/bin/../lib/gcc/arm-none-eabi/5.2.1/../../../../arm-none-eabi/lib/armv7e-m/fpu\libc.a(lib_a-fputwc.o)
                0x0800cd6c                __fputwc
 .text._fputwc_r
                0x0800ce1c       0x24 c:/ac6/systemworkbench/plugins/fr.ac6.mcu.externaltools.arm-none.win32_1.7.0.201602121829/tools/compiler/bin/../lib/gcc/arm-none-eabi/5.2.1/../../../../arm-none-eabi/lib/armv7e-m/fpu\libc.a(lib_a-fputwc.o)
                0x0800ce1c                _fputwc_r
 .text.__sfvwrite_r
                0x0800ce40      0x300 c:/ac6/systemworkbench/plugins/fr.ac6.mcu.externaltools.arm-none.win32_1.7.0.201602121829/tools/compiler/bin/../lib/gcc/arm-none-eabi/5.2.1/../../../../arm-none-eabi/lib/armv7e-m/fpu\libc.a(lib_a-fvwrite.o)
                0x0800ce40                __sfvwrite_r
 .text.rshift   0x0800d140       0xa8 c:/ac6/systemworkbench/plugins/fr.ac6.mcu.externaltools.arm-none.win32_1.7.0.201602121829/tools/compiler/bin/../lib/gcc/arm-none-eabi/5.2.1/../../../../arm-none-eabi/lib/armv7e-m/fpu\libc.a(lib_a-gdtoa-gethex.o)
 .text.__gethex
                0x0800d1e8      0x510 c:/ac6/systemworkbench/plugins/fr.ac6.mcu.externaltools.arm-none.win32_1.7.0.201602121829/tools/compiler/bin/../lib/gcc/arm-none-eabi/5.2.1/../../../../arm-none-eabi/lib/armv7e-m/fpu\libc.a(lib_a-gdtoa-gethex.o)
                0x0800d1e8                __gethex
 .text.__match  0x0800d6f8       0x30 c:/ac6/systemworkbench/plugins/fr.ac6.mcu.externaltools.arm-none.win32_1.7.0.201602121829/tools/compiler/bin/../lib/gcc/arm-none-eabi/5.2.1/../../../../arm-none-eabi/lib/armv7e-m/fpu\libc.a(lib_a-gdtoa-hexnan.o)
                0x0800d6f8                __match
 .text.__hexnan
                0x0800d728      0x180 c:/ac6/systemworkbench/plugins/fr.ac6.mcu.externaltools.arm-none.win32_1.7.0.201602121829/tools/compiler/bin/../lib/gcc/arm-none-eabi/5.2.1/../../../../arm-none-eabi/lib/armv7e-m/fpu\libc.a(lib_a-gdtoa-hexnan.o)
                0x0800d728                __hexnan
 .text._gettimeofday_r
                0x0800d8a8       0x28 c:/ac6/systemworkbench/plugins/fr.ac6.mcu.externaltools.arm-none.win32_1.7.0.201602121829/tools/compiler/bin/../lib/gcc/arm-none-eabi/5.2.1/../../../../arm-none-eabi/lib/armv7e-m/fpu\libc.a(lib_a-gettimeofdayr.o)
                0x0800d8a8                _gettimeofday_r
 .text._isatty_r
                0x0800d8d0       0x24 c:/ac6/systemworkbench/plugins/fr.ac6.mcu.externaltools.arm-none.win32_1.7.0.201602121829/tools/compiler/bin/../lib/gcc/arm-none-eabi/5.2.1/../../../../arm-none-eabi/lib/armv7e-m/fpu\libc.a(lib_a-isattyr.o)
                0x0800d8d0                _isatty_r
 .text._lseek_r
                0x0800d8f4       0x2c c:/ac6/systemworkbench/plugins/fr.ac6.mcu.externaltools.arm-none.win32_1.7.0.201602121829/tools/compiler/bin/../lib/gcc/arm-none-eabi/5.2.1/../../../../arm-none-eabi/lib/armv7e-m/fpu\libc.a(lib_a-lseekr.o)
                0x0800d8f4                _lseek_r
 .text._Balloc  0x0800d920       0x4c c:/ac6/systemworkbench/plugins/fr.ac6.mcu.externaltools.arm-none.win32_1.7.0.201602121829/tools/compiler/bin/../lib/gcc/arm-none-eabi/5.2.1/../../../../arm-none-eabi/lib/armv7e-m/fpu\libc.a(lib_a-mprec.o)
                0x0800d920                _Balloc
 .text._Bfree   0x0800d96c       0x14 c:/ac6/systemworkbench/plugins/fr.ac6.mcu.externaltools.arm-none.win32_1.7.0.201602121829/tools/compiler/bin/../lib/gcc/arm-none-eabi/5.2.1/../../../../arm-none-eabi/lib/armv7e-m/fpu\libc.a(lib_a-mprec.o)
                0x0800d96c                _Bfree
 .text.__multadd
                0x0800d980       0x80 c:/ac6/systemworkbench/plugins/fr.ac6.mcu.externaltools.arm-none.win32_1.7.0.201602121829/tools/compiler/bin/../lib/gcc/arm-none-eabi/5.2.1/../../../../arm-none-eabi/lib/armv7e-m/fpu\libc.a(lib_a-mprec.o)
                0x0800d980                __multadd
 .text.__s2b    0x0800da00       0x98 c:/ac6/systemworkbench/plugins/fr.ac6.mcu.externaltools.arm-none.win32_1.7.0.201602121829/tools/compiler/bin/../lib/gcc/arm-none-eabi/5.2.1/../../../../arm-none-eabi/lib/armv7e-m/fpu\libc.a(lib_a-mprec.o)
                0x0800da00                __s2b
 .text.__hi0bits
                0x0800da98       0x40 c:/ac6/systemworkbench/plugins/fr.ac6.mcu.externaltools.arm-none.win32_1.7.0.201602121829/tools/compiler/bin/../lib/gcc/arm-none-eabi/5.2.1/../../../../arm-none-eabi/lib/armv7e-m/fpu\libc.a(lib_a-mprec.o)
                0x0800da98                __hi0bits
 .text.__lo0bits
                0x0800dad8       0x5c c:/ac6/systemworkbench/plugins/fr.ac6.mcu.externaltools.arm-none.win32_1.7.0.201602121829/tools/compiler/bin/../lib/gcc/arm-none-eabi/5.2.1/../../../../arm-none-eabi/lib/armv7e-m/fpu\libc.a(lib_a-mprec.o)
                0x0800dad8                __lo0bits
 .text.__i2b    0x0800db34       0x14 c:/ac6/systemworkbench/plugins/fr.ac6.mcu.externaltools.arm-none.win32_1.7.0.201602121829/tools/compiler/bin/../lib/gcc/arm-none-eabi/5.2.1/../../../../arm-none-eabi/lib/armv7e-m/fpu\libc.a(lib_a-mprec.o)
                0x0800db34                __i2b
 .text.__multiply
                0x0800db48      0x130 c:/ac6/systemworkbench/plugins/fr.ac6.mcu.externaltools.arm-none.win32_1.7.0.201602121829/tools/compiler/bin/../lib/gcc/arm-none-eabi/5.2.1/../../../../arm-none-eabi/lib/armv7e-m/fpu\libc.a(lib_a-mprec.o)
                0x0800db48                __multiply
 .text.__pow5mult
                0x0800dc78       0xa0 c:/ac6/systemworkbench/plugins/fr.ac6.mcu.externaltools.arm-none.win32_1.7.0.201602121829/tools/compiler/bin/../lib/gcc/arm-none-eabi/5.2.1/../../../../arm-none-eabi/lib/armv7e-m/fpu\libc.a(lib_a-mprec.o)
                0x0800dc78                __pow5mult
 .text.__lshift
                0x0800dd18       0xb0 c:/ac6/systemworkbench/plugins/fr.ac6.mcu.externaltools.arm-none.win32_1.7.0.201602121829/tools/compiler/bin/../lib/gcc/arm-none-eabi/5.2.1/../../../../arm-none-eabi/lib/armv7e-m/fpu\libc.a(lib_a-mprec.o)
                0x0800dd18                __lshift
 .text.__mcmp   0x0800ddc8       0x44 c:/ac6/systemworkbench/plugins/fr.ac6.mcu.externaltools.arm-none.win32_1.7.0.201602121829/tools/compiler/bin/../lib/gcc/arm-none-eabi/5.2.1/../../../../arm-none-eabi/lib/armv7e-m/fpu\libc.a(lib_a-mprec.o)
                0x0800ddc8                __mcmp
 .text.__mdiff  0x0800de0c      0x114 c:/ac6/systemworkbench/plugins/fr.ac6.mcu.externaltools.arm-none.win32_1.7.0.201602121829/tools/compiler/bin/../lib/gcc/arm-none-eabi/5.2.1/../../../../arm-none-eabi/lib/armv7e-m/fpu\libc.a(lib_a-mprec.o)
                0x0800de0c                __mdiff
 .text.__ulp    0x0800df20       0x54 c:/ac6/systemworkbench/plugins/fr.ac6.mcu.externaltools.arm-none.win32_1.7.0.201602121829/tools/compiler/bin/../lib/gcc/arm-none-eabi/5.2.1/../../../../arm-none-eabi/lib/armv7e-m/fpu\libc.a(lib_a-mprec.o)
                0x0800df20                __ulp
 .text.__b2d    0x0800df74       0xd0 c:/ac6/systemworkbench/plugins/fr.ac6.mcu.externaltools.arm-none.win32_1.7.0.201602121829/tools/compiler/bin/../lib/gcc/arm-none-eabi/5.2.1/../../../../arm-none-eabi/lib/armv7e-m/fpu\libc.a(lib_a-mprec.o)
                0x0800df74                __b2d
 .text.__d2b    0x0800e044       0xbc c:/ac6/systemworkbench/plugins/fr.ac6.mcu.externaltools.arm-none.win32_1.7.0.201602121829/tools/compiler/bin/../lib/gcc/arm-none-eabi/5.2.1/../../../../arm-none-eabi/lib/armv7e-m/fpu\libc.a(lib_a-mprec.o)
                0x0800e044                __d2b
 .text.__ratio  0x0800e100       0x60 c:/ac6/systemworkbench/plugins/fr.ac6.mcu.externaltools.arm-none.win32_1.7.0.201602121829/tools/compiler/bin/../lib/gcc/arm-none-eabi/5.2.1/../../../../arm-none-eabi/lib/armv7e-m/fpu\libc.a(lib_a-mprec.o)
                0x0800e100                __ratio
 .text.__copybits
                0x0800e160       0x48 c:/ac6/systemworkbench/plugins/fr.ac6.mcu.externaltools.arm-none.win32_1.7.0.201602121829/tools/compiler/bin/../lib/gcc/arm-none-eabi/5.2.1/../../../../arm-none-eabi/lib/armv7e-m/fpu\libc.a(lib_a-mprec.o)
                0x0800e160                __copybits
 .text.__any_on
                0x0800e1a8       0x60 c:/ac6/systemworkbench/plugins/fr.ac6.mcu.externaltools.arm-none.win32_1.7.0.201602121829/tools/compiler/bin/../lib/gcc/arm-none-eabi/5.2.1/../../../../arm-none-eabi/lib/armv7e-m/fpu\libc.a(lib_a-mprec.o)
                0x0800e1a8                __any_on
 .text._read_r  0x0800e208       0x2c c:/ac6/systemworkbench/plugins/fr.ac6.mcu.externaltools.arm-none.win32_1.7.0.201602121829/tools/compiler/bin/../lib/gcc/arm-none-eabi/5.2.1/../../../../arm-none-eabi/lib/armv7e-m/fpu\libc.a(lib_a-readr.o)
                0x0800e208                _read_r
 .text._realloc_r
                0x0800e234      0x3e0 c:/ac6/systemworkbench/plugins/fr.ac6.mcu.externaltools.arm-none.win32_1.7.0.201602121829/tools/compiler/bin/../lib/gcc/arm-none-eabi/5.2.1/../../../../arm-none-eabi/lib/armv7e-m/fpu\libc.a(lib_a-reallocr.o)
                0x0800e234                _realloc_r
 .text._raise_r
                0x0800e614       0x58 c:/ac6/systemworkbench/plugins/fr.ac6.mcu.externaltools.arm-none.win32_1.7.0.201602121829/tools/compiler/bin/../lib/gcc/arm-none-eabi/5.2.1/../../../../arm-none-eabi/lib/armv7e-m/fpu\libc.a(lib_a-signal.o)
                0x0800e614                _raise_r
 .text.raise    0x0800e66c       0x10 c:/ac6/systemworkbench/plugins/fr.ac6.mcu.externaltools.arm-none.win32_1.7.0.201602121829/tools/compiler/bin/../lib/gcc/arm-none-eabi/5.2.1/../../../../arm-none-eabi/lib/armv7e-m/fpu\libc.a(lib_a-signal.o)
                0x0800e66c                raise
 .text._kill_r  0x0800e67c       0x28 c:/ac6/systemworkbench/plugins/fr.ac6.mcu.externaltools.arm-none.win32_1.7.0.201602121829/tools/compiler/bin/../lib/gcc/arm-none-eabi/5.2.1/../../../../arm-none-eabi/lib/armv7e-m/fpu\libc.a(lib_a-signalr.o)
                0x0800e67c                _kill_r
 .text._getpid_r
                0x0800e6a4        0x4 c:/ac6/systemworkbench/plugins/fr.ac6.mcu.externaltools.arm-none.win32_1.7.0.201602121829/tools/compiler/bin/../lib/gcc/arm-none-eabi/5.2.1/../../../../arm-none-eabi/lib/armv7e-m/fpu\libc.a(lib_a-signalr.o)
                0x0800e6a4                _getpid_r
 .text.strncmp  0x0800e6a8       0xa0 c:/ac6/systemworkbench/plugins/fr.ac6.mcu.externaltools.arm-none.win32_1.7.0.201602121829/tools/compiler/bin/../lib/gcc/arm-none-eabi/5.2.1/../../../../arm-none-eabi/lib/armv7e-m/fpu\libc.a(lib_a-strncmp.o)
                0x0800e6a8                strncmp
 .text.__ssprint_r
                0x0800e748      0x100 c:/ac6/systemworkbench/plugins/fr.ac6.mcu.externaltools.arm-none.win32_1.7.0.201602121829/tools/compiler/bin/../lib/gcc/arm-none-eabi/5.2.1/../../../../arm-none-eabi/lib/armv7e-m/fpu\libc.a(lib_a-svfiprintf.o)
                0x0800e748                __ssprint_r
 .text.__swbuf_r
                0x0800e848       0xa8 c:/ac6/systemworkbench/plugins/fr.ac6.mcu.externaltools.arm-none.win32_1.7.0.201602121829/tools/compiler/bin/../lib/gcc/arm-none-eabi/5.2.1/../../../../arm-none-eabi/lib/armv7e-m/fpu\libc.a(lib_a-wbuf.o)
                0x0800e848                __swbuf_r
 .text._wcrtomb_r
                0x0800e8f0       0x54 c:/ac6/systemworkbench/plugins/fr.ac6.mcu.externaltools.arm-none.win32_1.7.0.201602121829/tools/compiler/bin/../lib/gcc/arm-none-eabi/5.2.1/../../../../arm-none-eabi/lib/armv7e-m/fpu\libc.a(lib_a-wcrtomb.o)
                0x0800e8f0                _wcrtomb_r
 .text.__ascii_wctomb
                0x0800e944       0x1c c:/ac6/systemworkbench/plugins/fr.ac6.mcu.externaltools.arm-none.win32_1.7.0.201602121829/tools/compiler/bin/../lib/gcc/arm-none-eabi/5.2.1/../../../../arm-none-eabi/lib/armv7e-m/fpu\libc.a(lib_a-wctomb_r.o)
                0x0800e944                __ascii_wctomb
 .text.__register_exitproc
                0x0800e960       0xa4 c:/ac6/systemworkbench/plugins/fr.ac6.mcu.externaltools.arm-none.win32_1.7.0.201602121829/tools/compiler/bin/../lib/gcc/arm-none-eabi/5.2.1/../../../../arm-none-eabi/lib/armv7e-m/fpu\libc.a(lib_a-__atexit.o)
                0x0800e960                __register_exitproc
 .text._calloc_r
                0x0800ea04       0x60 c:/ac6/systemworkbench/plugins/fr.ac6.mcu.externaltools.arm-none.win32_1.7.0.201602121829/tools/compiler/bin/../lib/gcc/arm-none-eabi/5.2.1/../../../../arm-none-eabi/lib/armv7e-m/fpu\libc.a(lib_a-callocr.o)
                0x0800ea04                _calloc_r
 *(.glue_7)
 .glue_7        0x0800ea64        0x0 linker stubs
 *(.glue_7t)
 .glue_7t       0x0800ea64        0x0 linker stubs
 *(.eh_frame)
 .eh_frame      0x0800ea64        0x0 c:/ac6/systemworkbench/plugins/fr.ac6.mcu.externaltools.arm-none.win32_1.7.0.201602121829/tools/compiler/bin/../lib/gcc/arm-none-eabi/5.2.1/armv7e-m/fpu/crtbegin.o
 *(.init)
 .init          0x0800ea64        0x4 c:/ac6/systemworkbench/plugins/fr.ac6.mcu.externaltools.arm-none.win32_1.7.0.201602121829/tools/compiler/bin/../lib/gcc/arm-none-eabi/5.2.1/armv7e-m/fpu/crti.o
                0x0800ea64                _init
 .init          0x0800ea68        0x8 c:/ac6/systemworkbench/plugins/fr.ac6.mcu.externaltools.arm-none.win32_1.7.0.201602121829/tools/compiler/bin/../lib/gcc/arm-none-eabi/5.2.1/armv7e-m/fpu/crtn.o
 *(.fini)
 .fini          0x0800ea70        0x4 c:/ac6/systemworkbench/plugins/fr.ac6.mcu.externaltools.arm-none.win32_1.7.0.201602121829/tools/compiler/bin/../lib/gcc/arm-none-eabi/5.2.1/armv7e-m/fpu/crti.o
                0x0800ea70                _fini
 .fini          0x0800ea74        0x8 c:/ac6/systemworkbench/plugins/fr.ac6.mcu.externaltools.arm-none.win32_1.7.0.201602121829/tools/compiler/bin/../lib/gcc/arm-none-eabi/5.2.1/armv7e-m/fpu/crtn.o
                0x0800ea7c                . = ALIGN (0x4)
                0x0800ea7c                _etext = .

.vfp11_veneer   0x0800ea7c        0x0
 .vfp11_veneer  0x0800ea7c        0x0 linker stubs

.v4_bx          0x0800ea7c        0x0
 .v4_bx         0x0800ea7c        0x0 linker stubs

.iplt           0x0800ea7c        0x0
 .iplt          0x0800ea7c        0x0 c:/ac6/systemworkbench/plugins/fr.ac6.mcu.externaltools.arm-none.win32_1.7.0.201602121829/tools/compiler/bin/../lib/gcc/arm-none-eabi/5.2.1/armv7e-m/fpu/crtbegin.o

.rodata         0x0800ea80      0xe38
                0x0800ea80                . = ALIGN (0x4)
 *(.rodata)
 .rodata        0x0800ea80       0xd4 src/dump.o
 .rodata        0x0800eb54        0x4 src/error.o
 .rodata        0x0800eb58      0x154 src/json_coms.o
 .rodata        0x0800ecac      0x3c8 src/load.o
 .rodata        0x0800f074      0x3a0 src/pack_unpack.o
 .rodata        0x0800f414       0x55 src/strconv.o
 *(.rodata*)
 *fill*         0x0800f469        0x3 
 .rodata.str1.4
                0x0800f46c       0x3f c:/ac6/systemworkbench/plugins/fr.ac6.mcu.externaltools.arm-none.win32_1.7.0.201602121829/tools/compiler/bin/../lib/gcc/arm-none-eabi/5.2.1/../../../../arm-none-eabi/lib/armv7e-m/fpu\libc.a(lib_a-assert.o)
                                 0x43 (size before relaxing)
 *fill*         0x0800f4ab        0x1 
 .rodata.str1.4
                0x0800f4ac        0x2 c:/ac6/systemworkbench/plugins/fr.ac6.mcu.externaltools.arm-none.win32_1.7.0.201602121829/tools/compiler/bin/../lib/gcc/arm-none-eabi/5.2.1/../../../../arm-none-eabi/lib/armv7e-m/fpu\libc.a(lib_a-impure.o)
 *fill*         0x0800f4ae        0x2 
 .rodata._global_impure_ptr
                0x0800f4b0        0x4 c:/ac6/systemworkbench/plugins/fr.ac6.mcu.externaltools.arm-none.win32_1.7.0.201602121829/tools/compiler/bin/../lib/gcc/arm-none-eabi/5.2.1/../../../../arm-none-eabi/lib/armv7e-m/fpu\libc.a(lib_a-impure.o)
                0x0800f4b0                _global_impure_ptr
 .rodata.str1.4
                0x0800f4b4        0xa c:/ac6/systemworkbench/plugins/fr.ac6.mcu.externaltools.arm-none.win32_1.7.0.201602121829/tools/compiler/bin/../lib/gcc/arm-none-eabi/5.2.1/../../../../arm-none-eabi/lib/armv7e-m/fpu\libc.a(lib_a-locale.o)
                                 0x12 (size before relaxing)
 *fill*         0x0800f4be        0x2 
 .rodata.fpinan.5401
                0x0800f4c0       0x14 c:/ac6/systemworkbench/plugins/fr.ac6.mcu.externaltools.arm-none.win32_1.7.0.201602121829/tools/compiler/bin/../lib/gcc/arm-none-eabi/5.2.1/../../../../arm-none-eabi/lib/armv7e-m/fpu\libc.a(lib_a-strtod.o)
 .rodata.fpi.5365
                0x0800f4d4       0x14 c:/ac6/systemworkbench/plugins/fr.ac6.mcu.externaltools.arm-none.win32_1.7.0.201602121829/tools/compiler/bin/../lib/gcc/arm-none-eabi/5.2.1/../../../../arm-none-eabi/lib/armv7e-m/fpu\libc.a(lib_a-strtod.o)
 .rodata.str1.4
                0x0800f4e8        0xf c:/ac6/systemworkbench/plugins/fr.ac6.mcu.externaltools.arm-none.win32_1.7.0.201602121829/tools/compiler/bin/../lib/gcc/arm-none-eabi/5.2.1/../../../../arm-none-eabi/lib/armv7e-m/fpu\libc.a(lib_a-strtod.o)
 *fill*         0x0800f4f7        0x1 
 .rodata.tinytens
                0x0800f4f8       0x28 c:/ac6/systemworkbench/plugins/fr.ac6.mcu.externaltools.arm-none.win32_1.7.0.201602121829/tools/compiler/bin/../lib/gcc/arm-none-eabi/5.2.1/../../../../arm-none-eabi/lib/armv7e-m/fpu\libc.a(lib_a-strtod.o)
 .rodata.blanks.7009
                0x0800f520       0x10 c:/ac6/systemworkbench/plugins/fr.ac6.mcu.externaltools.arm-none.win32_1.7.0.201602121829/tools/compiler/bin/../lib/gcc/arm-none-eabi/5.2.1/../../../../arm-none-eabi/lib/armv7e-m/fpu\libc.a(lib_a-svfprintf.o)
 .rodata.str1.4
                0x0800f530       0x42 c:/ac6/systemworkbench/plugins/fr.ac6.mcu.externaltools.arm-none.win32_1.7.0.201602121829/tools/compiler/bin/../lib/gcc/arm-none-eabi/5.2.1/../../../../arm-none-eabi/lib/armv7e-m/fpu\libc.a(lib_a-svfprintf.o)
 *fill*         0x0800f572        0x2 
 .rodata.zeroes.7010
                0x0800f574       0x10 c:/ac6/systemworkbench/plugins/fr.ac6.mcu.externaltools.arm-none.win32_1.7.0.201602121829/tools/compiler/bin/../lib/gcc/arm-none-eabi/5.2.1/../../../../arm-none-eabi/lib/armv7e-m/fpu\libc.a(lib_a-svfprintf.o)
 .rodata.zeroes.6968
                0x0800f584       0x10 c:/ac6/systemworkbench/plugins/fr.ac6.mcu.externaltools.arm-none.win32_1.7.0.201602121829/tools/compiler/bin/../lib/gcc/arm-none-eabi/5.2.1/../../../../arm-none-eabi/lib/armv7e-m/fpu\libc.a(lib_a-vfiprintf.o)
 .rodata.blanks.6967
                0x0800f594       0x10 c:/ac6/systemworkbench/plugins/fr.ac6.mcu.externaltools.arm-none.win32_1.7.0.201602121829/tools/compiler/bin/../lib/gcc/arm-none-eabi/5.2.1/../../../../arm-none-eabi/lib/armv7e-m/fpu\libc.a(lib_a-vfiprintf.o)
 .rodata.str1.4
                0x0800f5a4       0x2f c:/ac6/systemworkbench/plugins/fr.ac6.mcu.externaltools.arm-none.win32_1.7.0.201602121829/tools/compiler/bin/../lib/gcc/arm-none-eabi/5.2.1/../../../../arm-none-eabi/lib/armv7e-m/fpu\libc.a(lib_a-vfiprintf.o)
 .rodata._ctype_
                0x0800f5a4      0x101 c:/ac6/systemworkbench/plugins/fr.ac6.mcu.externaltools.arm-none.win32_1.7.0.201602121829/tools/compiler/bin/../lib/gcc/arm-none-eabi/5.2.1/../../../../arm-none-eabi/lib/armv7e-m/fpu\libc.a(lib_a-ctype_.o)
                0x0800f5a4                _ctype_
 *fill*         0x0800f6a5        0x3 
 .rodata.str1.4
                0x0800f6a8       0x10 c:/ac6/systemworkbench/plugins/fr.ac6.mcu.externaltools.arm-none.win32_1.7.0.201602121829/tools/compiler/bin/../lib/gcc/arm-none-eabi/5.2.1/../../../../arm-none-eabi/lib/armv7e-m/fpu\libc.a(lib_a-dtoa.o)
                                 0x12 (size before relaxing)
 .rodata.__hexdig
                0x0800f6b8      0x100 c:/ac6/systemworkbench/plugins/fr.ac6.mcu.externaltools.arm-none.win32_1.7.0.201602121829/tools/compiler/bin/../lib/gcc/arm-none-eabi/5.2.1/../../../../arm-none-eabi/lib/armv7e-m/fpu\libc.a(lib_a-gdtoa-gethex.o)
                0x0800f6b8                __hexdig
 .rodata.p05.5404
                0x0800f7b8        0xc c:/ac6/systemworkbench/plugins/fr.ac6.mcu.externaltools.arm-none.win32_1.7.0.201602121829/tools/compiler/bin/../lib/gcc/arm-none-eabi/5.2.1/../../../../arm-none-eabi/lib/armv7e-m/fpu\libc.a(lib_a-mprec.o)
 *fill*         0x0800f7c4        0x4 
 .rodata.__mprec_tens
                0x0800f7c8       0xc8 c:/ac6/systemworkbench/plugins/fr.ac6.mcu.externaltools.arm-none.win32_1.7.0.201602121829/tools/compiler/bin/../lib/gcc/arm-none-eabi/5.2.1/../../../../arm-none-eabi/lib/armv7e-m/fpu\libc.a(lib_a-mprec.o)
                0x0800f7c8                __mprec_tens
 .rodata.__mprec_bigtens
                0x0800f890       0x28 c:/ac6/systemworkbench/plugins/fr.ac6.mcu.externaltools.arm-none.win32_1.7.0.201602121829/tools/compiler/bin/../lib/gcc/arm-none-eabi/5.2.1/../../../../arm-none-eabi/lib/armv7e-m/fpu\libc.a(lib_a-mprec.o)
                0x0800f890                __mprec_bigtens
                0x0800f8b8                . = ALIGN (0x4)

.ARM.extab      0x0800f8b8        0x0
                0x0800f8b8                . = ALIGN (0x4)
 *(.ARM.extab* .gnu.linkonce.armextab.*)
                0x0800f8b8                . = ALIGN (0x4)

.ARM            0x0800f8b8        0x8
                0x0800f8b8                . = ALIGN (0x4)
                0x0800f8b8                __exidx_start = .
 *(.ARM.exidx*)
 .ARM.exidx     0x0800f8b8        0x8 c:/ac6/systemworkbench/plugins/fr.ac6.mcu.externaltools.arm-none.win32_1.7.0.201602121829/tools/compiler/bin/../lib/gcc/arm-none-eabi/5.2.1/armv7e-m/fpu\libgcc.a(_udivmoddi4.o)
                0x0800f8c0                __exidx_end = .
                0x0800f8c0                . = ALIGN (0x4)

.rel.dyn        0x0800f8c0        0x0
 .rel.iplt      0x0800f8c0        0x0 c:/ac6/systemworkbench/plugins/fr.ac6.mcu.externaltools.arm-none.win32_1.7.0.201602121829/tools/compiler/bin/../lib/gcc/arm-none-eabi/5.2.1/armv7e-m/fpu/crtbegin.o

.preinit_array  0x0800f8c0        0x0
                0x0800f8c0                . = ALIGN (0x4)
                0x0800f8c0                PROVIDE (__preinit_array_start, .)
 *(.preinit_array*)
                0x0800f8c0                PROVIDE (__preinit_array_end, .)
                0x0800f8c0                . = ALIGN (0x4)

.init_array     0x0800f8c0        0x8
                0x0800f8c0                . = ALIGN (0x4)
                0x0800f8c0                PROVIDE (__init_array_start, .)
 *(SORT(.init_array.*))
 .init_array.00000
                0x0800f8c0        0x4 c:/ac6/systemworkbench/plugins/fr.ac6.mcu.externaltools.arm-none.win32_1.7.0.201602121829/tools/compiler/bin/../lib/gcc/arm-none-eabi/5.2.1/../../../../arm-none-eabi/lib/armv7e-m/fpu\libc.a(lib_a-__call_atexit.o)
 *(.init_array*)
 .init_array    0x0800f8c4        0x4 c:/ac6/systemworkbench/plugins/fr.ac6.mcu.externaltools.arm-none.win32_1.7.0.201602121829/tools/compiler/bin/../lib/gcc/arm-none-eabi/5.2.1/armv7e-m/fpu/crtbegin.o
                0x0800f8c8                PROVIDE (__init_array_end, .)
                0x0800f8c8                . = ALIGN (0x4)

.fini_array     0x0800f8c8        0x4
                0x0800f8c8                . = ALIGN (0x4)
                0x0800f8c8                PROVIDE (__fini_array_start, .)
 *(SORT(.fini_array.*))
 *(.fini_array*)
 .fini_array    0x0800f8c8        0x4 c:/ac6/systemworkbench/plugins/fr.ac6.mcu.externaltools.arm-none.win32_1.7.0.201602121829/tools/compiler/bin/../lib/gcc/arm-none-eabi/5.2.1/armv7e-m/fpu/crtbegin.o
                0x0800f8cc                PROVIDE (__fini_array_end, .)
                0x0800f8cc                . = ALIGN (0x4)
                0x0800f8cc                _sidata = LOADADDR (.data)

.data           0x20000000      0x8e8 load address 0x0800f8cc
                0x20000000                . = ALIGN (0x4)
                0x20000000                _sdata = .
 *(.data)
 .data          0x20000000        0x8 src/memory.o
 .data          0x20000008       0x14 src/system_stm32f4xx.o
                0x20000008                SystemCoreClock
                0x2000000c                AHBPrescTable
 .data          0x2000001c       0x18 src/value.o
 .data          0x20000034       0x10 E:\Final Project\stm32f411e-disco_stdperiph_lib\Debug\libstm32f411e-disco_stdperiph_lib.a(stm32f4xx_rcc.o)
 *(.data*)
 *fill*         0x20000044        0x4 
 .data.impure_data
                0x20000048      0x428 c:/ac6/systemworkbench/plugins/fr.ac6.mcu.externaltools.arm-none.win32_1.7.0.201602121829/tools/compiler/bin/../lib/gcc/arm-none-eabi/5.2.1/../../../../arm-none-eabi/lib/armv7e-m/fpu\libc.a(lib_a-impure.o)
 .data._impure_ptr
                0x20000470        0x4 c:/ac6/systemworkbench/plugins/fr.ac6.mcu.externaltools.arm-none.win32_1.7.0.201602121829/tools/compiler/bin/../lib/gcc/arm-none-eabi/5.2.1/../../../../arm-none-eabi/lib/armv7e-m/fpu\libc.a(lib_a-impure.o)
                0x20000470                _impure_ptr
 .data.lconv    0x20000474       0x38 c:/ac6/systemworkbench/plugins/fr.ac6.mcu.externaltools.arm-none.win32_1.7.0.201602121829/tools/compiler/bin/../lib/gcc/arm-none-eabi/5.2.1/../../../../arm-none-eabi/lib/armv7e-m/fpu\libc.a(lib_a-locale.o)
 .data.lc_ctype_charset
                0x200004ac       0x20 c:/ac6/systemworkbench/plugins/fr.ac6.mcu.externaltools.arm-none.win32_1.7.0.201602121829/tools/compiler/bin/../lib/gcc/arm-none-eabi/5.2.1/../../../../arm-none-eabi/lib/armv7e-m/fpu\libc.a(lib_a-locale.o)
 .data.__mb_cur_max
                0x200004cc        0x4 c:/ac6/systemworkbench/plugins/fr.ac6.mcu.externaltools.arm-none.win32_1.7.0.201602121829/tools/compiler/bin/../lib/gcc/arm-none-eabi/5.2.1/../../../../arm-none-eabi/lib/armv7e-m/fpu\libc.a(lib_a-locale.o)
                0x200004cc                __mb_cur_max
 .data.__malloc_av_
                0x200004d0      0x408 c:/ac6/systemworkbench/plugins/fr.ac6.mcu.externaltools.arm-none.win32_1.7.0.201602121829/tools/compiler/bin/../lib/gcc/arm-none-eabi/5.2.1/../../../../arm-none-eabi/lib/armv7e-m/fpu\libc.a(lib_a-mallocr.o)
                0x200004d0                __malloc_av_
 .data.__malloc_trim_threshold
                0x200008d8        0x4 c:/ac6/systemworkbench/plugins/fr.ac6.mcu.externaltools.arm-none.win32_1.7.0.201602121829/tools/compiler/bin/../lib/gcc/arm-none-eabi/5.2.1/../../../../arm-none-eabi/lib/armv7e-m/fpu\libc.a(lib_a-mallocr.o)
                0x200008d8                __malloc_trim_threshold
 .data.__malloc_sbrk_base
                0x200008dc        0x4 c:/ac6/systemworkbench/plugins/fr.ac6.mcu.externaltools.arm-none.win32_1.7.0.201602121829/tools/compiler/bin/../lib/gcc/arm-none-eabi/5.2.1/../../../../arm-none-eabi/lib/armv7e-m/fpu\libc.a(lib_a-mallocr.o)
                0x200008dc                __malloc_sbrk_base
 .data.__ctype_ptr__
                0x200008e0        0x4 c:/ac6/systemworkbench/plugins/fr.ac6.mcu.externaltools.arm-none.win32_1.7.0.201602121829/tools/compiler/bin/../lib/gcc/arm-none-eabi/5.2.1/../../../../arm-none-eabi/lib/armv7e-m/fpu\libc.a(lib_a-ctype_.o)
                0x200008e0                __ctype_ptr__
 .data.__wctomb
                0x200008e4        0x4 c:/ac6/systemworkbench/plugins/fr.ac6.mcu.externaltools.arm-none.win32_1.7.0.201602121829/tools/compiler/bin/../lib/gcc/arm-none-eabi/5.2.1/../../../../arm-none-eabi/lib/armv7e-m/fpu\libc.a(lib_a-wctomb_r.o)
                0x200008e4                __wctomb
                0x200008e8                . = ALIGN (0x4)
                0x200008e8                _edata = .

.jcr            0x200008e8        0x0 load address 0x080101b4
 .jcr           0x200008e8        0x0 c:/ac6/systemworkbench/plugins/fr.ac6.mcu.externaltools.arm-none.win32_1.7.0.201602121829/tools/compiler/bin/../lib/gcc/arm-none-eabi/5.2.1/armv7e-m/fpu/crtbegin.o

.tm_clone_table
                0x200008e8        0x0 load address 0x080101b4
 .tm_clone_table
                0x200008e8        0x0 c:/ac6/systemworkbench/plugins/fr.ac6.mcu.externaltools.arm-none.win32_1.7.0.201602121829/tools/compiler/bin/../lib/gcc/arm-none-eabi/5.2.1/armv7e-m/fpu/crtbegin.o
 .tm_clone_table
                0x200008e8        0x0 c:/ac6/systemworkbench/plugins/fr.ac6.mcu.externaltools.arm-none.win32_1.7.0.201602121829/tools/compiler/bin/../lib/gcc/arm-none-eabi/5.2.1/armv7e-m/fpu/crtend.o

.igot.plt       0x200008e8        0x0 load address 0x080101b4
 .igot.plt      0x200008e8        0x0 c:/ac6/systemworkbench/plugins/fr.ac6.mcu.externaltools.arm-none.win32_1.7.0.201602121829/tools/compiler/bin/../lib/gcc/arm-none-eabi/5.2.1/armv7e-m/fpu/crtbegin.o
                0x200008e8                . = ALIGN (0x4)

.bss            0x200008e8     0x10a0 load address 0x080101b4
                0x200008e8                _sbss = .
                0x200008e8                __bss_start__ = _sbss
 *(.bss)
 .bss           0x200008e8       0x1c c:/ac6/systemworkbench/plugins/fr.ac6.mcu.externaltools.arm-none.win32_1.7.0.201602121829/tools/compiler/bin/../lib/gcc/arm-none-eabi/5.2.1/armv7e-m/fpu/crtbegin.o
 .bss           0x20000904        0x4 src/hashtable_seed.o
                0x20000904                hashtable_seed
 .bss           0x20000908        0x9 src/main.o
                0x20000910                mode
 *fill*         0x20000911        0x3 
 .bss           0x20000914        0x8 src/state_machine.o
 .bss           0x2000091c        0x8 src/syscalls.o
                0x2000091c                __env
 *(.bss*)
 .bss.__malloc_max_total_mem
                0x20000924        0x4 c:/ac6/systemworkbench/plugins/fr.ac6.mcu.externaltools.arm-none.win32_1.7.0.201602121829/tools/compiler/bin/../lib/gcc/arm-none-eabi/5.2.1/../../../../arm-none-eabi/lib/armv7e-m/fpu\libc.a(lib_a-mallocr.o)
                0x20000924                __malloc_max_total_mem
 .bss.__malloc_max_sbrked_mem
                0x20000928        0x4 c:/ac6/systemworkbench/plugins/fr.ac6.mcu.externaltools.arm-none.win32_1.7.0.201602121829/tools/compiler/bin/../lib/gcc/arm-none-eabi/5.2.1/../../../../arm-none-eabi/lib/armv7e-m/fpu\libc.a(lib_a-mallocr.o)
                0x20000928                __malloc_max_sbrked_mem
 .bss.__malloc_top_pad
                0x2000092c        0x4 c:/ac6/systemworkbench/plugins/fr.ac6.mcu.externaltools.arm-none.win32_1.7.0.201602121829/tools/compiler/bin/../lib/gcc/arm-none-eabi/5.2.1/../../../../arm-none-eabi/lib/armv7e-m/fpu\libc.a(lib_a-mallocr.o)
                0x2000092c                __malloc_top_pad
 .bss.__malloc_current_mallinfo
                0x20000930       0x28 c:/ac6/systemworkbench/plugins/fr.ac6.mcu.externaltools.arm-none.win32_1.7.0.201602121829/tools/compiler/bin/../lib/gcc/arm-none-eabi/5.2.1/../../../../arm-none-eabi/lib/armv7e-m/fpu\libc.a(lib_a-mallocr.o)
                0x20000930                __malloc_current_mallinfo
 *(COMMON)
 COMMON         0x20000958     0x102c src/main.o
                0x20000958                haveString
                0x2000095c                receive_buff
                0x20001170                send_buff
 COMMON         0x20001984        0x4 c:/ac6/systemworkbench/plugins/fr.ac6.mcu.externaltools.arm-none.win32_1.7.0.201602121829/tools/compiler/bin/../lib/gcc/arm-none-eabi/5.2.1/../../../../arm-none-eabi/lib/armv7e-m/fpu\libc.a(lib_a-reent.o)
                0x20001984                errno
                0x20001988                . = ALIGN (0x4)
                0x20001988                _ebss = .
                0x20001988                __bss_end__ = _ebss

._user_heap_stack
                0x20001988      0x400 load address 0x080101b4
                0x20001988                . = ALIGN (0x8)
                0x20001988                PROVIDE (end, .)
                [!provide]                PROVIDE (_end, .)
                0x20001988                . = (. + _Min_Heap_Size)
                0x20001d88                . = (. + _Min_Stack_Size)
 *fill*         0x20001988      0x400 
                0x20001d88                . = ALIGN (0x8)

/DISCARD/
 libc.a(*)
 libm.a(*)
 libgcc.a(*)

.ARM.attributes
                0x00000000       0x30
 *(.ARM.attributes)
 .ARM.attributes
                0x00000000       0x22 c:/ac6/systemworkbench/plugins/fr.ac6.mcu.externaltools.arm-none.win32_1.7.0.201602121829/tools/compiler/bin/../lib/gcc/arm-none-eabi/5.2.1/armv7e-m/fpu/crti.o
 .ARM.attributes
                0x00000022       0x34 c:/ac6/systemworkbench/plugins/fr.ac6.mcu.externaltools.arm-none.win32_1.7.0.201602121829/tools/compiler/bin/../lib/gcc/arm-none-eabi/5.2.1/armv7e-m/fpu/crtbegin.o
 .ARM.attributes
                0x00000056       0x25 startup/startup_stm32.o
 .ARM.attributes
                0x0000007b       0x39 src/USART.o
 .ARM.attributes
                0x000000b4       0x39 src/circ_buff.o
 .ARM.attributes
                0x000000ed       0x39 src/dump.o
 .ARM.attributes
                0x00000126       0x39 src/error.o
 .ARM.attributes
                0x0000015f       0x39 src/hashtable.o
 .ARM.attributes
                0x00000198       0x39 src/hashtable_seed.o
 .ARM.attributes
                0x000001d1       0x39 src/json_coms.o
 .ARM.attributes
                0x0000020a       0x39 src/load.o
 .ARM.attributes
                0x00000243       0x39 src/main.o
 .ARM.attributes
                0x0000027c       0x39 src/memory.o
 .ARM.attributes
                0x000002b5       0x39 src/pack_unpack.o
 .ARM.attributes
                0x000002ee       0x39 src/state_machine.o
 .ARM.attributes
                0x00000327       0x39 src/strbuffer.o
 .ARM.attributes
                0x00000360       0x39 src/strconv.o
 .ARM.attributes
                0x00000399       0x39 src/syscalls.o
 .ARM.attributes
                0x000003d2       0x39 src/system_stm32f4xx.o
 .ARM.attributes
                0x0000040b       0x39 src/utf.o
 .ARM.attributes
                0x00000444       0x39 src/value.o
 .ARM.attributes
                0x0000047d       0x39 E:\Final Project\stm32f411e-disco_stdperiph_lib\Debug\libstm32f411e-disco_stdperiph_lib.a(misc.o)
 .ARM.attributes
                0x000004b6       0x39 E:\Final Project\stm32f411e-disco_stdperiph_lib\Debug\libstm32f411e-disco_stdperiph_lib.a(stm32f4xx_gpio.o)
 .ARM.attributes
                0x000004ef       0x39 E:\Final Project\stm32f411e-disco_stdperiph_lib\Debug\libstm32f411e-disco_stdperiph_lib.a(stm32f4xx_rcc.o)
 .ARM.attributes
                0x00000528       0x39 E:\Final Project\stm32f411e-disco_stdperiph_lib\Debug\libstm32f411e-disco_stdperiph_lib.a(stm32f4xx_usart.o)
 .ARM.attributes
                0x00000561       0x22 c:/ac6/systemworkbench/plugins/fr.ac6.mcu.externaltools.arm-none.win32_1.7.0.201602121829/tools/compiler/bin/../lib/gcc/arm-none-eabi/5.2.1/armv7e-m/fpu\libgcc.a(_arm_addsubdf3.o)
 .ARM.attributes
                0x00000583       0x22 c:/ac6/systemworkbench/plugins/fr.ac6.mcu.externaltools.arm-none.win32_1.7.0.201602121829/tools/compiler/bin/../lib/gcc/arm-none-eabi/5.2.1/armv7e-m/fpu\libgcc.a(_arm_cmpdf2.o)
 .ARM.attributes
                0x000005a5       0x22 c:/ac6/systemworkbench/plugins/fr.ac6.mcu.externaltools.arm-none.win32_1.7.0.201602121829/tools/compiler/bin/../lib/gcc/arm-none-eabi/5.2.1/armv7e-m/fpu\libgcc.a(_aeabi_uldivmod.o)
 .ARM.attributes
                0x000005c7       0x34 c:/ac6/systemworkbench/plugins/fr.ac6.mcu.externaltools.arm-none.win32_1.7.0.201602121829/tools/compiler/bin/../lib/gcc/arm-none-eabi/5.2.1/armv7e-m/fpu\libgcc.a(_udivmoddi4.o)
 .ARM.attributes
                0x000005fb       0x22 c:/ac6/systemworkbench/plugins/fr.ac6.mcu.externaltools.arm-none.win32_1.7.0.201602121829/tools/compiler/bin/../lib/gcc/arm-none-eabi/5.2.1/armv7e-m/fpu\libgcc.a(_dvmd_tls.o)
 .ARM.attributes
                0x0000061d       0x34 c:/ac6/systemworkbench/plugins/fr.ac6.mcu.externaltools.arm-none.win32_1.7.0.201602121829/tools/compiler/bin/../lib/gcc/arm-none-eabi/5.2.1/../../../../arm-none-eabi/lib/armv7e-m/fpu\libc.a(lib_a-assert.o)
 .ARM.attributes
                0x00000651       0x34 c:/ac6/systemworkbench/plugins/fr.ac6.mcu.externaltools.arm-none.win32_1.7.0.201602121829/tools/compiler/bin/../lib/gcc/arm-none-eabi/5.2.1/../../../../arm-none-eabi/lib/armv7e-m/fpu\libc.a(lib_a-errno.o)
 .ARM.attributes
                0x00000685       0x34 c:/ac6/systemworkbench/plugins/fr.ac6.mcu.externaltools.arm-none.win32_1.7.0.201602121829/tools/compiler/bin/../lib/gcc/arm-none-eabi/5.2.1/../../../../arm-none-eabi/lib/armv7e-m/fpu\libc.a(lib_a-fclose.o)
 .ARM.attributes
                0x000006b9       0x34 c:/ac6/systemworkbench/plugins/fr.ac6.mcu.externaltools.arm-none.win32_1.7.0.201602121829/tools/compiler/bin/../lib/gcc/arm-none-eabi/5.2.1/../../../../arm-none-eabi/lib/armv7e-m/fpu\libc.a(lib_a-fflush.o)
 .ARM.attributes
                0x000006ed       0x34 c:/ac6/systemworkbench/plugins/fr.ac6.mcu.externaltools.arm-none.win32_1.7.0.201602121829/tools/compiler/bin/../lib/gcc/arm-none-eabi/5.2.1/../../../../arm-none-eabi/lib/armv7e-m/fpu\libc.a(lib_a-findfp.o)
 .ARM.attributes
                0x00000721       0x34 c:/ac6/systemworkbench/plugins/fr.ac6.mcu.externaltools.arm-none.win32_1.7.0.201602121829/tools/compiler/bin/../lib/gcc/arm-none-eabi/5.2.1/../../../../arm-none-eabi/lib/armv7e-m/fpu\libc.a(lib_a-fiprintf.o)
 .ARM.attributes
                0x00000755       0x34 c:/ac6/systemworkbench/plugins/fr.ac6.mcu.externaltools.arm-none.win32_1.7.0.201602121829/tools/compiler/bin/../lib/gcc/arm-none-eabi/5.2.1/../../../../arm-none-eabi/lib/armv7e-m/fpu\libc.a(lib_a-freer.o)
 .ARM.attributes
                0x00000789       0x34 c:/ac6/systemworkbench/plugins/fr.ac6.mcu.externaltools.arm-none.win32_1.7.0.201602121829/tools/compiler/bin/../lib/gcc/arm-none-eabi/5.2.1/../../../../arm-none-eabi/lib/armv7e-m/fpu\libc.a(lib_a-fstatr.o)
 .ARM.attributes
                0x000007bd       0x34 c:/ac6/systemworkbench/plugins/fr.ac6.mcu.externaltools.arm-none.win32_1.7.0.201602121829/tools/compiler/bin/../lib/gcc/arm-none-eabi/5.2.1/../../../../arm-none-eabi/lib/armv7e-m/fpu\libc.a(lib_a-fwalk.o)
 .ARM.attributes
                0x000007f1       0x34 c:/ac6/systemworkbench/plugins/fr.ac6.mcu.externaltools.arm-none.win32_1.7.0.201602121829/tools/compiler/bin/../lib/gcc/arm-none-eabi/5.2.1/../../../../arm-none-eabi/lib/armv7e-m/fpu\libc.a(lib_a-impure.o)
 .ARM.attributes
                0x00000825       0x34 c:/ac6/systemworkbench/plugins/fr.ac6.mcu.externaltools.arm-none.win32_1.7.0.201602121829/tools/compiler/bin/../lib/gcc/arm-none-eabi/5.2.1/../../../../arm-none-eabi/lib/armv7e-m/fpu\libc.a(lib_a-init.o)
 .ARM.attributes
                0x00000859       0x34 c:/ac6/systemworkbench/plugins/fr.ac6.mcu.externaltools.arm-none.win32_1.7.0.201602121829/tools/compiler/bin/../lib/gcc/arm-none-eabi/5.2.1/../../../../arm-none-eabi/lib/armv7e-m/fpu\libc.a(lib_a-locale.o)
 .ARM.attributes
                0x0000088d       0x34 c:/ac6/systemworkbench/plugins/fr.ac6.mcu.externaltools.arm-none.win32_1.7.0.201602121829/tools/compiler/bin/../lib/gcc/arm-none-eabi/5.2.1/../../../../arm-none-eabi/lib/armv7e-m/fpu\libc.a(lib_a-makebuf.o)
 .ARM.attributes
                0x000008c1       0x34 c:/ac6/systemworkbench/plugins/fr.ac6.mcu.externaltools.arm-none.win32_1.7.0.201602121829/tools/compiler/bin/../lib/gcc/arm-none-eabi/5.2.1/../../../../arm-none-eabi/lib/armv7e-m/fpu\libc.a(lib_a-malloc.o)
 .ARM.attributes
                0x000008f5       0x34 c:/ac6/systemworkbench/plugins/fr.ac6.mcu.externaltools.arm-none.win32_1.7.0.201602121829/tools/compiler/bin/../lib/gcc/arm-none-eabi/5.2.1/../../../../arm-none-eabi/lib/armv7e-m/fpu\libc.a(lib_a-mallocr.o)
 .ARM.attributes
                0x00000929       0x20 c:/ac6/systemworkbench/plugins/fr.ac6.mcu.externaltools.arm-none.win32_1.7.0.201602121829/tools/compiler/bin/../lib/gcc/arm-none-eabi/5.2.1/../../../../arm-none-eabi/lib/armv7e-m/fpu\libc.a(lib_a-memchr.o)
 .ARM.attributes
                0x00000949       0x20 c:/ac6/systemworkbench/plugins/fr.ac6.mcu.externaltools.arm-none.win32_1.7.0.201602121829/tools/compiler/bin/../lib/gcc/arm-none-eabi/5.2.1/../../../../arm-none-eabi/lib/armv7e-m/fpu\libc.a(lib_a-memcpy.o)
 .ARM.attributes
                0x00000969       0x34 c:/ac6/systemworkbench/plugins/fr.ac6.mcu.externaltools.arm-none.win32_1.7.0.201602121829/tools/compiler/bin/../lib/gcc/arm-none-eabi/5.2.1/../../../../arm-none-eabi/lib/armv7e-m/fpu\libc.a(lib_a-memmove.o)
 .ARM.attributes
                0x0000099d       0x34 c:/ac6/systemworkbench/plugins/fr.ac6.mcu.externaltools.arm-none.win32_1.7.0.201602121829/tools/compiler/bin/../lib/gcc/arm-none-eabi/5.2.1/../../../../arm-none-eabi/lib/armv7e-m/fpu\libc.a(lib_a-memset.o)
 .ARM.attributes
                0x000009d1       0x34 c:/ac6/systemworkbench/plugins/fr.ac6.mcu.externaltools.arm-none.win32_1.7.0.201602121829/tools/compiler/bin/../lib/gcc/arm-none-eabi/5.2.1/../../../../arm-none-eabi/lib/armv7e-m/fpu\libc.a(lib_a-mlock.o)
 .ARM.attributes
                0x00000a05       0x34 c:/ac6/systemworkbench/plugins/fr.ac6.mcu.externaltools.arm-none.win32_1.7.0.201602121829/tools/compiler/bin/../lib/gcc/arm-none-eabi/5.2.1/../../../../arm-none-eabi/lib/armv7e-m/fpu\libc.a(lib_a-qsort.o)
 .ARM.attributes
                0x00000a39       0x34 c:/ac6/systemworkbench/plugins/fr.ac6.mcu.externaltools.arm-none.win32_1.7.0.201602121829/tools/compiler/bin/../lib/gcc/arm-none-eabi/5.2.1/../../../../arm-none-eabi/lib/armv7e-m/fpu\libc.a(lib_a-reent.o)
 .ARM.attributes
                0x00000a6d       0x34 c:/ac6/systemworkbench/plugins/fr.ac6.mcu.externaltools.arm-none.win32_1.7.0.201602121829/tools/compiler/bin/../lib/gcc/arm-none-eabi/5.2.1/../../../../arm-none-eabi/lib/armv7e-m/fpu\libc.a(lib_a-s_fpclassify.o)
 .ARM.attributes
                0x00000aa1       0x34 c:/ac6/systemworkbench/plugins/fr.ac6.mcu.externaltools.arm-none.win32_1.7.0.201602121829/tools/compiler/bin/../lib/gcc/arm-none-eabi/5.2.1/../../../../arm-none-eabi/lib/armv7e-m/fpu\libc.a(lib_a-sbrkr.o)
 .ARM.attributes
                0x00000ad5       0x34 c:/ac6/systemworkbench/plugins/fr.ac6.mcu.externaltools.arm-none.win32_1.7.0.201602121829/tools/compiler/bin/../lib/gcc/arm-none-eabi/5.2.1/../../../../arm-none-eabi/lib/armv7e-m/fpu\libc.a(lib_a-snprintf.o)
 .ARM.attributes
                0x00000b09       0x34 c:/ac6/systemworkbench/plugins/fr.ac6.mcu.externaltools.arm-none.win32_1.7.0.201602121829/tools/compiler/bin/../lib/gcc/arm-none-eabi/5.2.1/../../../../arm-none-eabi/lib/armv7e-m/fpu\libc.a(lib_a-stdio.o)
 .ARM.attributes
                0x00000b3d       0x34 c:/ac6/systemworkbench/plugins/fr.ac6.mcu.externaltools.arm-none.win32_1.7.0.201602121829/tools/compiler/bin/../lib/gcc/arm-none-eabi/5.2.1/../../../../arm-none-eabi/lib/armv7e-m/fpu\libc.a(lib_a-strchr.o)
 .ARM.attributes
                0x00000b71       0x20 c:/ac6/systemworkbench/plugins/fr.ac6.mcu.externaltools.arm-none.win32_1.7.0.201602121829/tools/compiler/bin/../lib/gcc/arm-none-eabi/5.2.1/../../../../arm-none-eabi/lib/armv7e-m/fpu\libc.a(lib_a-strcmp.o)
 .ARM.attributes
                0x00000b91       0x20 c:/ac6/systemworkbench/plugins/fr.ac6.mcu.externaltools.arm-none.win32_1.7.0.201602121829/tools/compiler/bin/../lib/gcc/arm-none-eabi/5.2.1/../../../../arm-none-eabi/lib/armv7e-m/fpu\libc.a(lib_a-strlen.o)
 .ARM.attributes
                0x00000bb1       0x34 c:/ac6/systemworkbench/plugins/fr.ac6.mcu.externaltools.arm-none.win32_1.7.0.201602121829/tools/compiler/bin/../lib/gcc/arm-none-eabi/5.2.1/../../../../arm-none-eabi/lib/armv7e-m/fpu\libc.a(lib_a-strncpy.o)
 .ARM.attributes
                0x00000be5       0x34 c:/ac6/systemworkbench/plugins/fr.ac6.mcu.externaltools.arm-none.win32_1.7.0.201602121829/tools/compiler/bin/../lib/gcc/arm-none-eabi/5.2.1/../../../../arm-none-eabi/lib/armv7e-m/fpu\libc.a(lib_a-strtod.o)
 .ARM.attributes
                0x00000c19       0x34 c:/ac6/systemworkbench/plugins/fr.ac6.mcu.externaltools.arm-none.win32_1.7.0.201602121829/tools/compiler/bin/../lib/gcc/arm-none-eabi/5.2.1/../../../../arm-none-eabi/lib/armv7e-m/fpu\libc.a(lib_a-strtoll.o)
 .ARM.attributes
                0x00000c4d       0x34 c:/ac6/systemworkbench/plugins/fr.ac6.mcu.externaltools.arm-none.win32_1.7.0.201602121829/tools/compiler/bin/../lib/gcc/arm-none-eabi/5.2.1/../../../../arm-none-eabi/lib/armv7e-m/fpu\libc.a(lib_a-strtoll_r.o)
 .ARM.attributes
                0x00000c81       0x34 c:/ac6/systemworkbench/plugins/fr.ac6.mcu.externaltools.arm-none.win32_1.7.0.201602121829/tools/compiler/bin/../lib/gcc/arm-none-eabi/5.2.1/../../../../arm-none-eabi/lib/armv7e-m/fpu\libc.a(lib_a-svfprintf.o)
 .ARM.attributes
                0x00000cb5       0x34 c:/ac6/systemworkbench/plugins/fr.ac6.mcu.externaltools.arm-none.win32_1.7.0.201602121829/tools/compiler/bin/../lib/gcc/arm-none-eabi/5.2.1/../../../../arm-none-eabi/lib/armv7e-m/fpu\libc.a(lib_a-time.o)
 .ARM.attributes
                0x00000ce9       0x34 c:/ac6/systemworkbench/plugins/fr.ac6.mcu.externaltools.arm-none.win32_1.7.0.201602121829/tools/compiler/bin/../lib/gcc/arm-none-eabi/5.2.1/../../../../arm-none-eabi/lib/armv7e-m/fpu\libc.a(lib_a-vfiprintf.o)
 .ARM.attributes
                0x00000d1d       0x34 c:/ac6/systemworkbench/plugins/fr.ac6.mcu.externaltools.arm-none.win32_1.7.0.201602121829/tools/compiler/bin/../lib/gcc/arm-none-eabi/5.2.1/../../../../arm-none-eabi/lib/armv7e-m/fpu\libc.a(lib_a-vsnprintf.o)
 .ARM.attributes
                0x00000d51       0x34 c:/ac6/systemworkbench/plugins/fr.ac6.mcu.externaltools.arm-none.win32_1.7.0.201602121829/tools/compiler/bin/../lib/gcc/arm-none-eabi/5.2.1/../../../../arm-none-eabi/lib/armv7e-m/fpu\libc.a(lib_a-writer.o)
 .ARM.attributes
                0x00000d85       0x34 c:/ac6/systemworkbench/plugins/fr.ac6.mcu.externaltools.arm-none.win32_1.7.0.201602121829/tools/compiler/bin/../lib/gcc/arm-none-eabi/5.2.1/../../../../arm-none-eabi/lib/armv7e-m/fpu\libc.a(lib_a-wsetup.o)
 .ARM.attributes
                0x00000db9       0x34 c:/ac6/systemworkbench/plugins/fr.ac6.mcu.externaltools.arm-none.win32_1.7.0.201602121829/tools/compiler/bin/../lib/gcc/arm-none-eabi/5.2.1/../../../../arm-none-eabi/lib/armv7e-m/fpu\libc.a(lib_a-__call_atexit.o)
 .ARM.attributes
                0x00000ded       0x34 c:/ac6/systemworkbench/plugins/fr.ac6.mcu.externaltools.arm-none.win32_1.7.0.201602121829/tools/compiler/bin/../lib/gcc/arm-none-eabi/5.2.1/../../../../arm-none-eabi/lib/armv7e-m/fpu\libc.a(lib_a-abort.o)
 .ARM.attributes
                0x00000e21       0x34 c:/ac6/systemworkbench/plugins/fr.ac6.mcu.externaltools.arm-none.win32_1.7.0.201602121829/tools/compiler/bin/../lib/gcc/arm-none-eabi/5.2.1/../../../../arm-none-eabi/lib/armv7e-m/fpu\libc.a(lib_a-atexit.o)
 .ARM.attributes
                0x00000e55       0x34 c:/ac6/systemworkbench/plugins/fr.ac6.mcu.externaltools.arm-none.win32_1.7.0.201602121829/tools/compiler/bin/../lib/gcc/arm-none-eabi/5.2.1/../../../../arm-none-eabi/lib/armv7e-m/fpu\libc.a(lib_a-closer.o)
 .ARM.attributes
                0x00000e89       0x34 c:/ac6/systemworkbench/plugins/fr.ac6.mcu.externaltools.arm-none.win32_1.7.0.201602121829/tools/compiler/bin/../lib/gcc/arm-none-eabi/5.2.1/../../../../arm-none-eabi/lib/armv7e-m/fpu\libc.a(lib_a-ctype_.o)
 .ARM.attributes
                0x00000ebd       0x34 c:/ac6/systemworkbench/plugins/fr.ac6.mcu.externaltools.arm-none.win32_1.7.0.201602121829/tools/compiler/bin/../lib/gcc/arm-none-eabi/5.2.1/../../../../arm-none-eabi/lib/armv7e-m/fpu\libc.a(lib_a-dtoa.o)
 .ARM.attributes
                0x00000ef1       0x34 c:/ac6/systemworkbench/plugins/fr.ac6.mcu.externaltools.arm-none.win32_1.7.0.201602121829/tools/compiler/bin/../lib/gcc/arm-none-eabi/5.2.1/../../../../arm-none-eabi/lib/armv7e-m/fpu\libc.a(lib_a-fini.o)
 .ARM.attributes
                0x00000f25       0x34 c:/ac6/systemworkbench/plugins/fr.ac6.mcu.externaltools.arm-none.win32_1.7.0.201602121829/tools/compiler/bin/../lib/gcc/arm-none-eabi/5.2.1/../../../../arm-none-eabi/lib/armv7e-m/fpu\libc.a(lib_a-fputwc.o)
 .ARM.attributes
                0x00000f59       0x34 c:/ac6/systemworkbench/plugins/fr.ac6.mcu.externaltools.arm-none.win32_1.7.0.201602121829/tools/compiler/bin/../lib/gcc/arm-none-eabi/5.2.1/../../../../arm-none-eabi/lib/armv7e-m/fpu\libc.a(lib_a-fvwrite.o)
 .ARM.attributes
                0x00000f8d       0x34 c:/ac6/systemworkbench/plugins/fr.ac6.mcu.externaltools.arm-none.win32_1.7.0.201602121829/tools/compiler/bin/../lib/gcc/arm-none-eabi/5.2.1/../../../../arm-none-eabi/lib/armv7e-m/fpu\libc.a(lib_a-gdtoa-gethex.o)
 .ARM.attributes